Archive member included to satisfy reference by file (symbol)

C:/Users/Ich/.pico-sdk/toolchain/14_2_Rel1/bin/../lib/gcc/arm-none-eabi/14.2.1/thumb/v8-m.main+fp/softfp\libm.a(libm_a-wf_sqrt.o)
                              CMakeFiles/LogicAnalyzer.dir/C_/Users/Ich/.pico-sdk/sdk/2.1.1/src/rp2_common/pico_float/float_math.c.obj (sqrtf)
C:/Users/Ich/.pico-sdk/toolchain/14_2_Rel1/bin/../lib/gcc/arm-none-eabi/14.2.1/thumb/v8-m.main+fp/softfp\libm.a(libm_a-ef_sqrt.o)
                              C:/Users/Ich/.pico-sdk/toolchain/14_2_Rel1/bin/../lib/gcc/arm-none-eabi/14.2.1/thumb/v8-m.main+fp/softfp\libm.a(libm_a-wf_sqrt.o) (__ieee754_sqrtf)
C:/Users/Ich/.pico-sdk/toolchain/14_2_Rel1/bin/../lib/gcc/arm-none-eabi/14.2.1/thumb/v8-m.main+fp/softfp\libgcc.a(_arm_addsubdf3.o)
                              CMakeFiles/LogicAnalyzer.dir/C_/Users/Ich/.pico-sdk/sdk/2.1.1/src/rp2_common/pico_float/float_math.c.obj (__aeabi_f2d)
C:/Users/Ich/.pico-sdk/toolchain/14_2_Rel1/bin/../lib/gcc/arm-none-eabi/14.2.1/thumb/v8-m.main+fp/softfp\libgcc.a(_aeabi_ldivmod.o)
                              CMakeFiles/LogicAnalyzer.dir/C_/Users/Ich/.pico-sdk/sdk/2.1.1/src/common/pico_time/time.c.obj (__aeabi_ldivmod)
C:/Users/Ich/.pico-sdk/toolchain/14_2_Rel1/bin/../lib/gcc/arm-none-eabi/14.2.1/thumb/v8-m.main+fp/softfp\libgcc.a(_aeabi_uldivmod.o)
                              CMakeFiles/LogicAnalyzer.dir/C_/Users/Ich/.pico-sdk/sdk/2.1.1/src/rp2_common/hardware_clocks/clocks.c.obj (__aeabi_uldivmod)
C:/Users/Ich/.pico-sdk/toolchain/14_2_Rel1/bin/../lib/gcc/arm-none-eabi/14.2.1/thumb/v8-m.main+fp/softfp\libgcc.a(_udivmoddi4.o)
                              C:/Users/Ich/.pico-sdk/toolchain/14_2_Rel1/bin/../lib/gcc/arm-none-eabi/14.2.1/thumb/v8-m.main+fp/softfp\libgcc.a(_aeabi_ldivmod.o) (__udivmoddi4)
C:/Users/Ich/.pico-sdk/toolchain/14_2_Rel1/bin/../lib/gcc/arm-none-eabi/14.2.1/thumb/v8-m.main+fp/softfp\libgcc.a(_dvmd_tls.o)
                              C:/Users/Ich/.pico-sdk/toolchain/14_2_Rel1/bin/../lib/gcc/arm-none-eabi/14.2.1/thumb/v8-m.main+fp/softfp\libgcc.a(_aeabi_ldivmod.o) (__aeabi_ldiv0)
C:/Users/Ich/.pico-sdk/toolchain/14_2_Rel1/bin/../lib/gcc/arm-none-eabi/14.2.1/thumb/v8-m.main+fp/softfp\libg.a(libc_a-calloc.o)
                              CMakeFiles/LogicAnalyzer.dir/C_/Users/Ich/.pico-sdk/sdk/2.1.1/src/rp2_common/pico_malloc/malloc.c.obj (calloc)
C:/Users/Ich/.pico-sdk/toolchain/14_2_Rel1/bin/../lib/gcc/arm-none-eabi/14.2.1/thumb/v8-m.main+fp/softfp\libg.a(libc_a-callocr.o)
                              C:/Users/Ich/.pico-sdk/toolchain/14_2_Rel1/bin/../lib/gcc/arm-none-eabi/14.2.1/thumb/v8-m.main+fp/softfp\libg.a(libc_a-calloc.o) (_calloc_r)
C:/Users/Ich/.pico-sdk/toolchain/14_2_Rel1/bin/../lib/gcc/arm-none-eabi/14.2.1/thumb/v8-m.main+fp/softfp\libg.a(libc_a-malloc.o)
                              CMakeFiles/LogicAnalyzer.dir/C_/Users/Ich/.pico-sdk/sdk/2.1.1/src/rp2_common/pico_malloc/malloc.c.obj (malloc)
C:/Users/Ich/.pico-sdk/toolchain/14_2_Rel1/bin/../lib/gcc/arm-none-eabi/14.2.1/thumb/v8-m.main+fp/softfp\libg.a(libc_a-mallocr.o)
                              C:/Users/Ich/.pico-sdk/toolchain/14_2_Rel1/bin/../lib/gcc/arm-none-eabi/14.2.1/thumb/v8-m.main+fp/softfp\libg.a(libc_a-callocr.o) (_malloc_r)
C:/Users/Ich/.pico-sdk/toolchain/14_2_Rel1/bin/../lib/gcc/arm-none-eabi/14.2.1/thumb/v8-m.main+fp/softfp\libg.a(libc_a-mlock.o)
                              C:/Users/Ich/.pico-sdk/toolchain/14_2_Rel1/bin/../lib/gcc/arm-none-eabi/14.2.1/thumb/v8-m.main+fp/softfp\libg.a(libc_a-mallocr.o) (__malloc_lock)
C:/Users/Ich/.pico-sdk/toolchain/14_2_Rel1/bin/../lib/gcc/arm-none-eabi/14.2.1/thumb/v8-m.main+fp/softfp\libg.a(libc_a-realloc.o)
                              CMakeFiles/LogicAnalyzer.dir/C_/Users/Ich/.pico-sdk/sdk/2.1.1/src/rp2_common/pico_malloc/malloc.c.obj (realloc)
C:/Users/Ich/.pico-sdk/toolchain/14_2_Rel1/bin/../lib/gcc/arm-none-eabi/14.2.1/thumb/v8-m.main+fp/softfp\libg.a(libc_a-reallocr.o)
                              C:/Users/Ich/.pico-sdk/toolchain/14_2_Rel1/bin/../lib/gcc/arm-none-eabi/14.2.1/thumb/v8-m.main+fp/softfp\libg.a(libc_a-realloc.o) (_realloc_r)
C:/Users/Ich/.pico-sdk/toolchain/14_2_Rel1/bin/../lib/gcc/arm-none-eabi/14.2.1/thumb/v8-m.main+fp/softfp\libg.a(libc_a-memcmp.o)
                              CMakeFiles/LogicAnalyzer.dir/C_/Users/Ich/.pico-sdk/sdk/2.1.1/src/rp2_common/pico_atomic/atomic.c.obj (memcmp)
C:/Users/Ich/.pico-sdk/toolchain/14_2_Rel1/bin/../lib/gcc/arm-none-eabi/14.2.1/thumb/v8-m.main+fp/softfp\libg.a(libc_a-memmove.o)
                              C:/Users/Ich/.pico-sdk/toolchain/14_2_Rel1/bin/../lib/gcc/arm-none-eabi/14.2.1/thumb/v8-m.main+fp/softfp\libg.a(libc_a-reallocr.o) (memmove)
C:/Users/Ich/.pico-sdk/toolchain/14_2_Rel1/bin/../lib/gcc/arm-none-eabi/14.2.1/thumb/v8-m.main+fp/softfp\libg.a(libc_a-memset.o)
                              C:/Users/Ich/.pico-sdk/toolchain/14_2_Rel1/bin/../lib/gcc/arm-none-eabi/14.2.1/thumb/v8-m.main+fp/softfp/crt0.o (memset)
[...]
Memory Configuration

Name             Origin             Length             Attributes
FLASH            0x10000000         0x00400000         xr
RAM              0x20000000         0x00080000         xrw
SCRATCH_X        0x20080000         0x00001000         xrw
SCRATCH_Y        0x20081000         0x00001000         xrw
*default*        0x00000000         0xffffffff

Linker script and memory map

LOAD C:/Users/Ich/.pico-sdk/toolchain/14_2_Rel1/bin/../lib/gcc/arm-none-eabi/14.2.1/thumb/v8-m.main+fp/softfp/crti.o
LOAD C:/Users/Ich/.pico-sdk/toolchain/14_2_Rel1/bin/../lib/gcc/arm-none-eabi/14.2.1/thumb/v8-m.main+fp/softfp/crtbegin.o
LOAD C:/Users/Ich/.pico-sdk/toolchain/14_2_Rel1/bin/../lib/gcc/arm-none-eabi/14.2.1/thumb/v8-m.main+fp/softfp/crt0.o

.flash_begin    0x10000000        0x0
                0x10000000                        __flash_binary_start = .

.flashtext      0x10000000      0x1f8
                0x10000000                        __logical_binary_start = .
 *(.vectors)
 .vectors       0x10000000      0x124 CMakeFiles/LogicAnalyzer.dir/C_/Users/Ich/.pico-sdk/sdk/2.1.1/src/rp2_common/pico_crt0/crt0.S.obj
                0x10000000                __vectors
                0x10000000                __VECTOR_TABLE
                0x10000110                isr_invalid
                0x10000110                __default_isrs_start
                0x10000112                NMI_Handler
                0x10000114                HardFault_Handler
                0x10000116                SVC_Handler
                0x10000118                PendSV_Handler
                0x1000011a                SysTick_Handler
                0x1000011c                IO_IRQ_BANK0_Handler
                0x1000011c                PLL_SYS_IRQ_Handler
                0x1000011c                PIO0_IRQ_0_Handler
                0x1000011c                USBCTRL_IRQ_Handler
                0x1000011c                SPI1_IRQ_Handler
                0x1000011c                POWMAN_IRQ_POW_Handler
                0x1000011c                DMA_IRQ_2_Handler
                0x1000011c                PIO1_IRQ_1_Handler
                0x1000011c                POWMAN_IRQ_TIMER_Handler
                0x1000011c                DMA_IRQ_1_Handler
                0x1000011c                SIO_IRQ_FIFO_Handler
                0x1000011c                PLL_USB_IRQ_Handler
                0x1000011c                TIMER0_IRQ_2_Handler
                0x1000011c                I2C1_IRQ_Handler
                0x1000011c                IO_IRQ_BANK0_NS_Handler
                0x1000011c                isr_irq49
                0x1000011c                PIO2_IRQ_1_Handler
                0x1000011c                PWM_IRQ_WRAP_0_Handler
                0x1000011c                isr_irq50
                0x1000011c                TIMER1_IRQ_0_Handler
                0x1000011c                isr_irq40
                0x1000011c                SPI0_IRQ_Handler
                0x1000011c                PWM_IRQ_WRAP_1_Handler
                0x1000011c                SIO_IRQ_BELL_Handler
                0x1000011c                isr_irq41
                0x1000011c                OTP_IRQ_Handler
                0x1000011c                TRNG_IRQ_Handler
                0x1000011c                TIMER0_IRQ_1_Handler
                0x1000011c                PIO0_IRQ_1_Handler
                0x1000011c                I2C0_IRQ_Handler
                0x1000011c                SIO_IRQ_FIFO_NS_Handler
                0x1000011c                SIO_IRQ_BELL_NS_Handler
                0x1000011c                SIO_IRQ_MTIMECMP_Handler
                0x1000011c                TIMER1_IRQ_1_Handler
                0x1000011c                UART1_IRQ_Handler
                0x1000011c                __unhandled_user_irq
                0x1000011c                DMA_IRQ_0_Handler
                0x1000011c                CLOCKS_IRQ_Handler
                0x1000011c                PIO1_IRQ_0_Handler
                0x1000011c                isr_irq48
                0x1000011c                PIO2_IRQ_0_Handler
                0x1000011c                isr_irq46
                0x1000011c                ADC_IRQ_FIFO_Handler
                0x1000011c                isr_irq47
                0x1000011c                isr_irq51
                0x1000011c                IO_IRQ_QSPI_Handler
                0x1000011c                TIMER1_IRQ_3_Handler
                0x1000011c                UART0_IRQ_Handler
                0x1000011c                TIMER0_IRQ_0_Handler
                0x1000011c                IO_IRQ_QSPI_NS_Handler
                0x1000011c                __default_isrs_end
                0x1000011c                TIMER0_IRQ_3_Handler
                0x1000011c                TIMER1_IRQ_2_Handler
                0x1000011c                DMA_IRQ_3_Handler
                0x10000122                unhandled_user_irq_num_in_r0
 *(.binary_info_header)
 .binary_info_header
                0x10000124       0x14 CMakeFiles/LogicAnalyzer.dir/C_/Users/Ich/.pico-sdk/sdk/2.1.1/src/rp2_common/pico_crt0/crt0.S.obj
                0x10000138                        __binary_info_header_end = .
 *(.embedded_block)
 .embedded_block
                0x10000138       0x14 CMakeFiles/LogicAnalyzer.dir/C_/Users/Ich/.pico-sdk/sdk/2.1.1/src/rp2_common/pico_crt0/crt0.S.obj
                0x1000014c                        __embedded_block_end = .
 *(.reset)
 .reset         0x1000014c       0xac CMakeFiles/LogicAnalyzer.dir/C_/Users/Ich/.pico-sdk/sdk/2.1.1/src/rp2_common/pico_crt0/crt0.S.obj
                0x1000014c                _entry_point
                0x100001f8                        . = ALIGN (0x4)

.boot2          0x100001f8        0x0
                0x100001f8                        __boot2_start__ = .
 *(.boot2)
                0x100001f8                        __boot2_end__ = .
                0x00000001                        ASSERT (((__boot2_end__ - __boot2_start__) <= 0x100), ERROR: Pico second stage bootloader must be no more than 256 bytes in size)

.rodata         0x100001f8        0x0
 *(SORT_BY_ALIGNMENT(SORT_BY_NAME(.flashdata*)))
                0x100001f8                        . = ALIGN (0x4)

.ARM.extab
 *(.ARM.extab* .gnu.linkonce.armextab.*)
                0x100001f8                        __exidx_start = .

.ARM.exidx      0x100001f8        0x8
 *(.ARM.exidx* .gnu.linkonce.armexidx.*)
 .ARM.exidx.text.__udivmoddi4
                0x100001f8        0x8 C:/Users/Ich/.pico-sdk/toolchain/14_2_Rel1/bin/../lib/gcc/arm-none-eabi/14.2.1/thumb/v8-m.main+fp/softfp\libgcc.a(_udivmoddi4.o)
 .ARM.exidx     0x10000200        0x0 C:/Users/Ich/.pico-sdk/toolchain/14_2_Rel1/bin/../lib/gcc/arm-none-eabi/14.2.1/thumb/v8-m.main+fp/softfp\libg.a(libc_a-memcpy.o)
                                  0x8 (size before relaxing)
                0x10000200                        __exidx_end = .
                0x10000200                        . = ALIGN (0x4)
                0x10000200                        __binary_info_start = .

.binary_info    0x10000200       0x24
 *(.binary_info.keep.*)
 .binary_info.keep.__bi_ptr84
                0x10000200        0x4 CMakeFiles/LogicAnalyzer.dir/C_/Users/Ich/.pico-sdk/sdk/2.1.1/src/rp2_common/pico_standard_binary_info/standard_binary_info.c.obj
 .binary_info.keep.__bi_ptr78
                0x10000204        0x4 CMakeFiles/LogicAnalyzer.dir/C_/Users/Ich/.pico-sdk/sdk/2.1.1/src/rp2_common/pico_standard_binary_info/standard_binary_info.c.obj
 .binary_info.keep.__bi_ptr60
                0x10000208        0x4 CMakeFiles/LogicAnalyzer.dir/C_/Users/Ich/.pico-sdk/sdk/2.1.1/src/rp2_common/pico_standard_binary_info/standard_binary_info.c.obj
 .binary_info.keep.__bi_ptr54
                0x1000020c        0x4 CMakeFiles/LogicAnalyzer.dir/C_/Users/Ich/.pico-sdk/sdk/2.1.1/src/rp2_common/pico_standard_binary_info/standard_binary_info.c.obj
 .binary_info.keep.__bi_ptr48
                0x10000210        0x4 CMakeFiles/LogicAnalyzer.dir/C_/Users/Ich/.pico-sdk/sdk/2.1.1/src/rp2_common/pico_standard_binary_info/standard_binary_info.c.obj
 .binary_info.keep.__bi_ptr42
                0x10000214        0x4 CMakeFiles/LogicAnalyzer.dir/C_/Users/Ich/.pico-sdk/sdk/2.1.1/src/rp2_common/pico_standard_binary_info/standard_binary_info.c.obj
 .binary_info.keep.__bi_ptr34
                0x10000218        0x4 CMakeFiles/LogicAnalyzer.dir/C_/Users/Ich/.pico-sdk/sdk/2.1.1/src/rp2_common/pico_standard_binary_info/standard_binary_info.c.obj
 .binary_info.keep.__bi_ptr26
                0x1000021c        0x4 CMakeFiles/LogicAnalyzer.dir/C_/Users/Ich/.pico-sdk/sdk/2.1.1/src/rp2_common/pico_standard_binary_info/standard_binary_info.c.obj
 *(.binary_info.*)
 .binary_info.__bi_ptr197
                0x10000220        0x4 CMakeFiles/LogicAnalyzer.dir/C_/Users/Ich/.pico-sdk/sdk/2.1.1/src/rp2_common/pico_stdio_usb/stdio_usb.c.obj
                0x10000224                        __binary_info_end = .
                0x10000224                        . = ALIGN (0x4)

.ram_vector_table
                0x20000000      0x110
 *(.ram_vector_table)
 .ram_vector_table
                0x20000000      0x110 CMakeFiles/LogicAnalyzer.dir/C_/Users/Ich/.pico-sdk/sdk/2.1.1/src/rp2_common/pico_runtime_init/runtime_init.c.obj
                0x20000000                ram_vector_table

.uninitialized_data
                0x20000110        0x0
                0x20000110                        . = ALIGN (0x4)
 *(.uninitialized_data*)

.text           0x20000110     0x81d0 load address 0x10000224
                0x20000110                        __ram_text_start__ = .
 *(.init)
 .init          0x20000110        0x4 C:/Users/Ich/.pico-sdk/toolchain/14_2_Rel1/bin/../lib/gcc/arm-none-eabi/14.2.1/thumb/v8-m.main+fp/softfp/crti.o
                0x20000110                _init
 *(.text*)
 .text.register_tm_clones
                0x20000114       0x28 C:/Users/Ich/.pico-sdk/toolchain/14_2_Rel1/bin/../lib/gcc/arm-none-eabi/14.2.1/thumb/v8-m.main+fp/softfp/crtbegin.o
 .text.frame_dummy
                0x2000013c       0x24 C:/Users/Ich/.pico-sdk/toolchain/14_2_Rel1/bin/../lib/gcc/arm-none-eabi/14.2.1/thumb/v8-m.main+fp/softfp/crtbegin.o
 .text.startup.main
                0x20000160      0x62c CMakeFiles/LogicAnalyzer.dir/LogicAnalyzer.c.obj
                0x20000160                main
 .text.blast_capture_completed
                0x2000078c       0xa0 CMakeFiles/LogicAnalyzer.dir/LogicAnalyzer_Capture.c.obj
                0x2000078c                blast_capture_completed
 .text.abort_DMAs
                0x2000082c       0x88 CMakeFiles/LogicAnalyzer.dir/LogicAnalyzer_Capture.c.obj
                0x2000082c                abort_DMAs
 .text.simple_capture_completed
                0x200008b4      0x154 CMakeFiles/LogicAnalyzer.dir/LogicAnalyzer_Capture.c.obj
                0x200008b4                simple_capture_completed
 .text.configureBlastDMA
                0x20000a08       0xb8 CMakeFiles/LogicAnalyzer.dir/LogicAnalyzer_Capture.c.obj
                0x20000a08                configureBlastDMA
 .text.configureCaptureDMAs
                0x20000ac0      0x164 CMakeFiles/LogicAnalyzer.dir/LogicAnalyzer_Capture.c.obj
                0x20000ac0                configureCaptureDMAs
 .text.StopCapture
                0x20000c24       0x60 CMakeFiles/LogicAnalyzer.dir/LogicAnalyzer_Capture.c.obj
                0x20000c24                StopCapture
 .text.StartCaptureBlast
                0x20000c84      0x304 CMakeFiles/LogicAnalyzer.dir/LogicAnalyzer_Capture.c.obj
                0x20000c84                StartCaptureBlast
 .text.StartCaptureSimple
                0x20000f88      0x470 CMakeFiles/LogicAnalyzer.dir/LogicAnalyzer_Capture.c.obj
                0x20000f88                StartCaptureSimple
 .text.IsCapturing
                0x200013f8       0x10 CMakeFiles/LogicAnalyzer.dir/LogicAnalyzer_Capture.c.obj
                0x200013f8                IsCapturing
 .text.GetBuffer
                0x20001408      0x550 CMakeFiles/LogicAnalyzer.dir/LogicAnalyzer_Capture.c.obj
                0x20001408                GetBuffer
 .text.GetTimestamps
                0x20001958       0x14 CMakeFiles/LogicAnalyzer.dir/LogicAnalyzer_Capture.c.obj
                0x20001958                GetTimestamps
 .text.gpio_set_function
                0x2000196c       0x3c CMakeFiles/LogicAnalyzer.dir/C_/Users/Ich/.pico-sdk/sdk/2.1.1/src/rp2_common/hardware_gpio/gpio.c.obj
                0x2000196c                gpio_set_function
 .text.gpio_set_inover
                0x200019a8       0x20 CMakeFiles/LogicAnalyzer.dir/C_/Users/Ich/.pico-sdk/sdk/2.1.1/src/rp2_common/hardware_gpio/gpio.c.obj
                0x200019a8                gpio_set_inover
 .text.gpio_init
                0x200019c8       0x48 CMakeFiles/LogicAnalyzer.dir/C_/Users/Ich/.pico-sdk/sdk/2.1.1/src/rp2_common/hardware_gpio/gpio.c.obj
                0x200019c8                gpio_init
 .text.gpio_deinit
                0x20001a10       0x40 CMakeFiles/LogicAnalyzer.dir/C_/Users/Ich/.pico-sdk/sdk/2.1.1/src/rp2_common/hardware_gpio/gpio.c.obj
                0x20001a10                gpio_deinit
 .text.panic    0x20001a50       0x30 CMakeFiles/LogicAnalyzer.dir/C_/Users/Ich/.pico-sdk/sdk/2.1.1/src/rp2_common/pico_platform_panic/panic.c.obj
                0x20001a50                panic
 .text.hw_claim_lock
                0x20001a80       0x24 CMakeFiles/LogicAnalyzer.dir/C_/Users/Ich/.pico-sdk/sdk/2.1.1/src/common/hardware_claim/claim.c.obj
                0x20001a80                hw_claim_lock
 .text.hw_claim_unlock
                0x20001aa4       0x14 CMakeFiles/LogicAnalyzer.dir/C_/Users/Ich/.pico-sdk/sdk/2.1.1/src/common/hardware_claim/claim.c.obj
                0x20001aa4                hw_claim_unlock
 .text.hw_claim_or_assert
                0x20001ab8       0x58 CMakeFiles/LogicAnalyzer.dir/C_/Users/Ich/.pico-sdk/sdk/2.1.1/src/common/hardware_claim/claim.c.obj
                0x20001ab8                hw_claim_or_assert
 .text.hw_claim_unused_from_range
                0x20001b10       0x80 CMakeFiles/LogicAnalyzer.dir/C_/Users/Ich/.pico-sdk/sdk/2.1.1/src/common/hardware_claim/claim.c.obj
                0x20001b10                hw_claim_unused_from_range
 .text.hw_claim_clear
                0x20001b90       0x50 CMakeFiles/LogicAnalyzer.dir/C_/Users/Ich/.pico-sdk/sdk/2.1.1/src/common/hardware_claim/claim.c.obj
                0x20001b90                hw_claim_clear
 .text.next_striped_spin_lock_num
                0x20001be0       0x18 CMakeFiles/LogicAnalyzer.dir/C_/Users/Ich/.pico-sdk/sdk/2.1.1/src/rp2_common/hardware_sync/sync.c.obj
                0x20001be0                next_striped_spin_lock_num
 .text.spin_lock_claim_unused
                0x20001bf8       0x20 CMakeFiles/LogicAnalyzer.dir/C_/Users/Ich/.pico-sdk/sdk/2.1.1/src/rp2_common/hardware_sync/sync.c.obj
                0x20001bf8                spin_lock_claim_unused
 .text.spinlock_set_extexclall
                0x20001c18       0x10 CMakeFiles/LogicAnalyzer.dir/C_/Users/Ich/.pico-sdk/sdk/2.1.1/src/rp2_common/hardware_sync_spin_lock/sync_spin_lock.c.obj
 .text.spin_locks_reset
                0x20001c28       0x18 CMakeFiles/LogicAnalyzer.dir/C_/Users/Ich/.pico-sdk/sdk/2.1.1/src/rp2_common/hardware_sync_spin_lock/sync_spin_lock.c.obj
                0x20001c28                spin_locks_reset
 .text.runtime_init_per_core_irq_priorities
                0x20001c40       0x40 CMakeFiles/LogicAnalyzer.dir/C_/Users/Ich/.pico-sdk/sdk/2.1.1/src/rp2_common/hardware_irq/irq.c.obj
                0x20001c40                runtime_init_per_core_irq_priorities
 .text.irq_set_enabled
                0x20001c80       0x2c CMakeFiles/LogicAnalyzer.dir/C_/Users/Ich/.pico-sdk/sdk/2.1.1/src/rp2_common/hardware_irq/irq.c.obj
                0x20001c80                irq_set_enabled
 .text.irq_is_enabled
                0x20001cac       0x20 CMakeFiles/LogicAnalyzer.dir/C_/Users/Ich/.pico-sdk/sdk/2.1.1/src/rp2_common/hardware_irq/irq.c.obj
                0x20001cac                irq_is_enabled
 .text.irq_set_pending
                0x20001ccc       0x18 CMakeFiles/LogicAnalyzer.dir/C_/Users/Ich/.pico-sdk/sdk/2.1.1/src/rp2_common/hardware_irq/irq.c.obj
                0x20001ccc                irq_set_pending
 .text.irq_has_shared_handler
                0x20001ce4       0x20 CMakeFiles/LogicAnalyzer.dir/C_/Users/Ich/.pico-sdk/sdk/2.1.1/src/rp2_common/hardware_irq/irq.c.obj
                0x20001ce4                irq_has_shared_handler
 .text.irq_set_exclusive_handler
                0x20001d04       0x60 CMakeFiles/LogicAnalyzer.dir/C_/Users/Ich/.pico-sdk/sdk/2.1.1/src/rp2_common/hardware_irq/irq.c.obj
                0x20001d04                irq_set_exclusive_handler
 .text.irq_add_shared_handler
                0x20001d64      0x1e8 CMakeFiles/LogicAnalyzer.dir/C_/Users/Ich/.pico-sdk/sdk/2.1.1/src/rp2_common/hardware_irq/irq.c.obj
                0x20001d64                irq_add_shared_handler
 .text.irq_remove_handler
                0x20001f4c      0x1f4 CMakeFiles/LogicAnalyzer.dir/C_/Users/Ich/.pico-sdk/sdk/2.1.1/src/rp2_common/hardware_irq/irq.c.obj
                0x20001f4c                irq_remove_handler
 .text.irq_set_priority
                0x20002140       0x28 CMakeFiles/LogicAnalyzer.dir/C_/Users/Ich/.pico-sdk/sdk/2.1.1/src/rp2_common/hardware_irq/irq.c.obj
                0x20002140                irq_set_priority
 .text.irq_add_tail_to_free_list
                0x20002168       0xbc CMakeFiles/LogicAnalyzer.dir/C_/Users/Ich/.pico-sdk/sdk/2.1.1/src/rp2_common/hardware_irq/irq.c.obj
                0x20002168                irq_add_tail_to_free_list
 .text.user_irq_claim_unused
                0x20002224       0x28 CMakeFiles/LogicAnalyzer.dir/C_/Users/Ich/.pico-sdk/sdk/2.1.1/src/rp2_common/hardware_irq/irq.c.obj
                0x20002224                user_irq_claim_unused
 .text.lock_init
                0x2000224c        0xc CMakeFiles/LogicAnalyzer.dir/C_/Users/Ich/.pico-sdk/sdk/2.1.1/src/common/pico_sync/lock_core.c.obj
                0x2000224c                lock_init
 .text.runtime_init_mutex
                0x20002258       0x4c CMakeFiles/LogicAnalyzer.dir/C_/Users/Ich/.pico-sdk/sdk/2.1.1/src/common/pico_sync/mutex.c.obj
                0x20002258                runtime_init_mutex
 .text.mutex_init
                0x200022a4       0x1c CMakeFiles/LogicAnalyzer.dir/C_/Users/Ich/.pico-sdk/sdk/2.1.1/src/common/pico_sync/mutex.c.obj
                0x200022a4                mutex_init
 .text.critical_section_init
                0x200022c0       0x1c CMakeFiles/LogicAnalyzer.dir/C_/Users/Ich/.pico-sdk/sdk/2.1.1/src/common/pico_sync/critical_section.c.obj
                0x200022c0                critical_section_init
 .text.critical_section_init_with_lock_num
                0x200022dc       0x10 CMakeFiles/LogicAnalyzer.dir/C_/Users/Ich/.pico-sdk/sdk/2.1.1/src/common/pico_sync/critical_section.c.obj
                0x200022dc                critical_section_init_with_lock_num
 .text.sleep_until_callback
                0x200022ec       0x3c CMakeFiles/LogicAnalyzer.dir/C_/Users/Ich/.pico-sdk/sdk/2.1.1/src/common/pico_time/time.c.obj
 .text.alarm_pool_irq_handler
                0x20002328      0x2f0 CMakeFiles/LogicAnalyzer.dir/C_/Users/Ich/.pico-sdk/sdk/2.1.1/src/common/pico_time/time.c.obj
 .text.runtime_init_default_alarm_pool
                0x20002618      0x100 CMakeFiles/LogicAnalyzer.dir/C_/Users/Ich/.pico-sdk/sdk/2.1.1/src/common/pico_time/time.c.obj
                0x20002618                runtime_init_default_alarm_pool
 .text.alarm_pool_get_default
                0x20002718        0x8 CMakeFiles/LogicAnalyzer.dir/C_/Users/Ich/.pico-sdk/sdk/2.1.1/src/common/pico_time/time.c.obj
                0x20002718                alarm_pool_get_default
 .text.alarm_pool_add_alarm_at
                0x20002720       0xdc CMakeFiles/LogicAnalyzer.dir/C_/Users/Ich/.pico-sdk/sdk/2.1.1/src/common/pico_time/time.c.obj
                0x20002720                alarm_pool_add_alarm_at
 .text.alarm_pool_add_alarm_at_force_in_context
                0x200027fc       0xc8 CMakeFiles/LogicAnalyzer.dir/C_/Users/Ich/.pico-sdk/sdk/2.1.1/src/common/pico_time/time.c.obj
                0x200027fc                alarm_pool_add_alarm_at_force_in_context
 .text.alarm_pool_cancel_alarm
                0x200028c4       0x80 CMakeFiles/LogicAnalyzer.dir/C_/Users/Ich/.pico-sdk/sdk/2.1.1/src/common/pico_time/time.c.obj
                0x200028c4                alarm_pool_cancel_alarm
 .text.alarm_pool_core_num
                0x20002944        0x4 CMakeFiles/LogicAnalyzer.dir/C_/Users/Ich/.pico-sdk/sdk/2.1.1/src/common/pico_time/time.c.obj
                0x20002944                alarm_pool_core_num
 .text.sleep_ms
                0x20002948       0xdc CMakeFiles/LogicAnalyzer.dir/C_/Users/Ich/.pico-sdk/sdk/2.1.1/src/common/pico_time/time.c.obj
                0x20002948                sleep_ms
 .text.best_effort_wfe_or_timeout
                0x20002a24       0xd4 CMakeFiles/LogicAnalyzer.dir/C_/Users/Ich/.pico-sdk/sdk/2.1.1/src/common/pico_time/time.c.obj
                0x20002a24                best_effort_wfe_or_timeout
 .text.timer_hardware_alarm_claim
                0x20002af8       0x24 CMakeFiles/LogicAnalyzer.dir/C_/Users/Ich/.pico-sdk/sdk/2.1.1/src/rp2_common/hardware_timer/timer.c.obj
                0x20002af8                timer_hardware_alarm_claim
 .text.timer_time_us_64
                0x20002b1c       0x10 CMakeFiles/LogicAnalyzer.dir/C_/Users/Ich/.pico-sdk/sdk/2.1.1/src/rp2_common/hardware_timer/timer.c.obj
                0x20002b1c                timer_time_us_64
 .text.time_us_64
                0x20002b2c       0x14 CMakeFiles/LogicAnalyzer.dir/C_/Users/Ich/.pico-sdk/sdk/2.1.1/src/rp2_common/hardware_timer/timer.c.obj
                0x20002b2c                time_us_64
 .text.busy_wait_us
                0x20002b40       0x5c CMakeFiles/LogicAnalyzer.dir/C_/Users/Ich/.pico-sdk/sdk/2.1.1/src/rp2_common/hardware_timer/timer.c.obj
                0x20002b40                busy_wait_us
 .text.busy_wait_ms
                0x20002b9c       0x88 CMakeFiles/LogicAnalyzer.dir/C_/Users/Ich/.pico-sdk/sdk/2.1.1/src/rp2_common/hardware_timer/timer.c.obj
                0x20002b9c                busy_wait_ms
 .text.busy_wait_until
                0x20002c24       0x24 CMakeFiles/LogicAnalyzer.dir/C_/Users/Ich/.pico-sdk/sdk/2.1.1/src/rp2_common/hardware_timer/timer.c.obj
                0x20002c24                busy_wait_until
 .text.clock_configure_undivided
                0x20002c48       0xd0 CMakeFiles/LogicAnalyzer.dir/C_/Users/Ich/.pico-sdk/sdk/2.1.1/src/rp2_common/hardware_clocks/clocks.c.obj
                0x20002c48                clock_configure_undivided
 .text.clock_get_hz
                0x20002d18        0xc CMakeFiles/LogicAnalyzer.dir/C_/Users/Ich/.pico-sdk/sdk/2.1.1/src/rp2_common/hardware_clocks/clocks.c.obj
                0x20002d18                clock_get_hz
 .text.set_sys_clock_pll
                0x20002d24      0x184 CMakeFiles/LogicAnalyzer.dir/C_/Users/Ich/.pico-sdk/sdk/2.1.1/src/rp2_common/hardware_clocks/clocks.c.obj
                0x20002d24                set_sys_clock_pll
 .text.check_sys_clock_khz
                0x20002ea8      0x19c CMakeFiles/LogicAnalyzer.dir/C_/Users/Ich/.pico-sdk/sdk/2.1.1/src/rp2_common/hardware_clocks/clocks.c.obj
                0x20002ea8                check_sys_clock_khz
 .text.pll_init
                0x20003044       0x8c CMakeFiles/LogicAnalyzer.dir/C_/Users/Ich/.pico-sdk/sdk/2.1.1/src/rp2_common/hardware_pll/pll.c.obj
                0x20003044                pll_init
 .text.watchdog_reboot
                0x200030d0       0x98 CMakeFiles/LogicAnalyzer.dir/C_/Users/Ich/.pico-sdk/sdk/2.1.1/src/rp2_common/hardware_watchdog/watchdog.c.obj
                0x200030d0                watchdog_reboot
 .text.tick_start
                0x20003168       0x18 CMakeFiles/LogicAnalyzer.dir/C_/Users/Ich/.pico-sdk/sdk/2.1.1/src/rp2_common/hardware_ticks/ticks.c.obj
                0x20003168                tick_start
 .text.rom_reboot.constprop.0.isra.0
                0x20003180       0x34 CMakeFiles/LogicAnalyzer.dir/C_/Users/Ich/.pico-sdk/sdk/2.1.1/src/rp2_common/pico_bootrom/bootrom.c.obj
 .text.rom_func_lookup
                0x200031b4       0x18 CMakeFiles/LogicAnalyzer.dir/C_/Users/Ich/.pico-sdk/sdk/2.1.1/src/rp2_common/pico_bootrom/bootrom.c.obj
                0x200031b4                rom_func_lookup
 .text.rom_reset_usb_boot
                0x200031cc       0x1c CMakeFiles/LogicAnalyzer.dir/C_/Users/Ich/.pico-sdk/sdk/2.1.1/src/rp2_common/pico_bootrom/bootrom.c.obj
                0x200031cc                rom_reset_usb_boot
 .text.rom_reset_usb_boot_extra
                0x200031e8       0x1c CMakeFiles/LogicAnalyzer.dir/C_/Users/Ich/.pico-sdk/sdk/2.1.1/src/rp2_common/pico_bootrom/bootrom.c.obj
                0x200031e8                rom_reset_usb_boot_extra
 .text.runtime_init_bootrom_locking_enable
                0x20003204       0x14 CMakeFiles/LogicAnalyzer.dir/C_/Users/Ich/.pico-sdk/sdk/2.1.1/src/rp2_common/pico_bootrom/bootrom_lock.c.obj
                0x20003204                runtime_init_bootrom_locking_enable
 .text.runtime_init_boot_locks_reset
                0x20003218       0x1c CMakeFiles/LogicAnalyzer.dir/C_/Users/Ich/.pico-sdk/sdk/2.1.1/src/rp2_common/hardware_boot_lock/boot_lock.c.obj
                0x20003218                runtime_init_boot_locks_reset
 .text.xosc_init
                0x20003234       0x30 CMakeFiles/LogicAnalyzer.dir/C_/Users/Ich/.pico-sdk/sdk/2.1.1/src/rp2_common/hardware_xosc/xosc.c.obj
                0x20003234                xosc_init
 .text.first_per_core_initializer
                0x20003264        0x4 CMakeFiles/LogicAnalyzer.dir/C_/Users/Ich/.pico-sdk/sdk/2.1.1/src/rp2_common/pico_runtime/runtime.c.obj
 .text.hard_assertion_failure
                0x20003268        0xc CMakeFiles/LogicAnalyzer.dir/C_/Users/Ich/.pico-sdk/sdk/2.1.1/src/rp2_common/pico_runtime/runtime.c.obj
                0x20003268                hard_assertion_failure
 .text.runtime_run_initializers
                0x20003274       0x20 CMakeFiles/LogicAnalyzer.dir/C_/Users/Ich/.pico-sdk/sdk/2.1.1/src/rp2_common/pico_runtime/runtime.c.obj
                0x20003274                runtime_run_initializers
 .text.runtime_init_early_resets
                0x20003294       0x34 CMakeFiles/LogicAnalyzer.dir/C_/Users/Ich/.pico-sdk/sdk/2.1.1/src/rp2_common/pico_runtime_init/runtime_init.c.obj
                0x20003294                runtime_init_early_resets
 .text.runtime_init_usb_power_down
                0x200032c8       0x1c CMakeFiles/LogicAnalyzer.dir/C_/Users/Ich/.pico-sdk/sdk/2.1.1/src/rp2_common/pico_runtime_init/runtime_init.c.obj
                0x200032c8                runtime_init_usb_power_down
 .text.runtime_init_per_core_enable_coprocessors
                0x200032e4       0x1c CMakeFiles/LogicAnalyzer.dir/C_/Users/Ich/.pico-sdk/sdk/2.1.1/src/rp2_common/pico_runtime_init/runtime_init.c.obj
                0x200032e4                runtime_init_per_core_enable_coprocessors
 .text.runtime_init_post_clock_resets
                0x20003300       0x20 CMakeFiles/LogicAnalyzer.dir/C_/Users/Ich/.pico-sdk/sdk/2.1.1/src/rp2_common/pico_runtime_init/runtime_init.c.obj
                0x20003300                runtime_init_post_clock_resets
 .text.runtime_init_bootrom_reset
                0x20003320       0x14 CMakeFiles/LogicAnalyzer.dir/C_/Users/Ich/.pico-sdk/sdk/2.1.1/src/rp2_common/pico_runtime_init/runtime_init.c.obj
                0x20003320                runtime_init_bootrom_reset
 .text.runtime_init_per_core_bootrom_reset
                0x20003334       0x14 CMakeFiles/LogicAnalyzer.dir/C_/Users/Ich/.pico-sdk/sdk/2.1.1/src/rp2_common/pico_runtime_init/runtime_init.c.obj
                0x20003334                runtime_init_per_core_bootrom_reset
 .text.runtime_init_spin_locks_reset
                0x20003348        0x4 CMakeFiles/LogicAnalyzer.dir/C_/Users/Ich/.pico-sdk/sdk/2.1.1/src/rp2_common/pico_runtime_init/runtime_init.c.obj
                0x20003348                runtime_init_spin_locks_reset
 .text.runtime_init_install_ram_vector_table
                0x2000334c       0x20 CMakeFiles/LogicAnalyzer.dir/C_/Users/Ich/.pico-sdk/sdk/2.1.1/src/rp2_common/pico_runtime_init/runtime_init.c.obj
                0x2000334c                runtime_init_install_ram_vector_table
 .text.runtime_init_clocks
                0x2000336c       0xdc CMakeFiles/LogicAnalyzer.dir/C_/Users/Ich/.pico-sdk/sdk/2.1.1/src/rp2_common/pico_runtime_init/runtime_init_clocks.c.obj
                0x2000336c                runtime_init_clocks
 .text.__rp2350_dcp_engaged_state_save_restore
                0x20003448       0x3a CMakeFiles/LogicAnalyzer.dir/C_/Users/Ich/.pico-sdk/sdk/2.1.1/src/rp2_common/pico_double/double_aeabi_dcp.S.obj
 *fill*         0x20003482        0x2 
 .text.__wrap___aeabi_dadd
                0x20003484       0x28 CMakeFiles/LogicAnalyzer.dir/C_/Users/Ich/.pico-sdk/sdk/2.1.1/src/rp2_common/pico_double/double_aeabi_dcp.S.obj
                0x2000348c                __wrap___aeabi_dadd
 .text.__wrap___aeabi_dsub
                0x200034ac       0x28 CMakeFiles/LogicAnalyzer.dir/C_/Users/Ich/.pico-sdk/sdk/2.1.1/src/rp2_common/pico_double/double_aeabi_dcp.S.obj
                0x200034b4                __wrap___aeabi_dsub
 .text.__wrap___aeabi_dmul
                0x200034d4       0x4c CMakeFiles/LogicAnalyzer.dir/C_/Users/Ich/.pico-sdk/sdk/2.1.1/src/rp2_common/pico_double/double_aeabi_dcp.S.obj
                0x200034dc                __wrap___aeabi_dmul
 .text.__wrap___aeabi_ddiv
                0x20003520       0x9c CMakeFiles/LogicAnalyzer.dir/C_/Users/Ich/.pico-sdk/sdk/2.1.1/src/rp2_common/pico_double/double_aeabi_dcp.S.obj
                0x20003528                __wrap___aeabi_ddiv
 .text.__wrap___aeabi_i2d
                0x200035bc       0x24 CMakeFiles/LogicAnalyzer.dir/C_/Users/Ich/.pico-sdk/sdk/2.1.1/src/rp2_common/pico_double/double_aeabi_dcp.S.obj
                0x200035c4                int2double
                0x200035c4                __wrap___aeabi_i2d
 .text.__wrap___aeabi_ui2d
                0x200035e0       0x24 CMakeFiles/LogicAnalyzer.dir/C_/Users/Ich/.pico-sdk/sdk/2.1.1/src/rp2_common/pico_double/double_aeabi_dcp.S.obj
                0x200035e8                uint2double
                0x200035e8                __wrap___aeabi_ui2d
 .text.__wrap___aeabi_d2iz
                0x20003604       0x24 CMakeFiles/LogicAnalyzer.dir/C_/Users/Ich/.pico-sdk/sdk/2.1.1/src/rp2_common/pico_double/double_aeabi_dcp.S.obj
                0x2000360c                double2int_z
                0x2000360c                __wrap___aeabi_d2iz
 .text.__wrap___aeabi_d2uiz
                0x20003628       0x24 CMakeFiles/LogicAnalyzer.dir/C_/Users/Ich/.pico-sdk/sdk/2.1.1/src/rp2_common/pico_double/double_aeabi_dcp.S.obj
                0x20003630                double2uint
                0x20003630                __wrap___aeabi_d2uiz
                0x20003630                double2uint_z
 .text.__wrap___aeabi_dcmpun
                0x2000364c       0x24 CMakeFiles/LogicAnalyzer.dir/C_/Users/Ich/.pico-sdk/sdk/2.1.1/src/rp2_common/pico_double/double_aeabi_dcp.S.obj
                0x20003654                __wrap___aeabi_dcmpun
 .text.__wrap___aeabi_dcmplt
                0x20003670       0x28 CMakeFiles/LogicAnalyzer.dir/C_/Users/Ich/.pico-sdk/sdk/2.1.1/src/rp2_common/pico_double/double_aeabi_dcp.S.obj
                0x20003678                __wrap___aeabi_dcmplt
 .text.__wrap___aeabi_dcmple
                0x20003698       0x28 CMakeFiles/LogicAnalyzer.dir/C_/Users/Ich/.pico-sdk/sdk/2.1.1/src/rp2_common/pico_double/double_aeabi_dcp.S.obj
                0x200036a0                __wrap___aeabi_dcmple
 .text.__wrap___aeabi_dcmpge
                0x200036c0       0x28 CMakeFiles/LogicAnalyzer.dir/C_/Users/Ich/.pico-sdk/sdk/2.1.1/src/rp2_common/pico_double/double_aeabi_dcp.S.obj
                0x200036c8                __wrap___aeabi_dcmpge
 .text.__wrap___aeabi_dcmpgt
                0x200036e8       0x28 CMakeFiles/LogicAnalyzer.dir/C_/Users/Ich/.pico-sdk/sdk/2.1.1/src/rp2_common/pico_double/double_aeabi_dcp.S.obj
                0x200036f0                __wrap___aeabi_dcmpgt
 .text._out_buffer
                0x20003710        0x8 CMakeFiles/LogicAnalyzer.dir/C_/Users/Ich/.pico-sdk/sdk/2.1.1/src/rp2_common/pico_printf/printf.c.obj
 .text._out_null
                0x20003718        0x4 CMakeFiles/LogicAnalyzer.dir/C_/Users/Ich/.pico-sdk/sdk/2.1.1/src/rp2_common/pico_printf/printf.c.obj
 .text._out_rev
                0x2000371c       0x9c CMakeFiles/LogicAnalyzer.dir/C_/Users/Ich/.pico-sdk/sdk/2.1.1/src/rp2_common/pico_printf/printf.c.obj
 .text._ntoa_format
                0x200037b8      0x1d4 CMakeFiles/LogicAnalyzer.dir/C_/Users/Ich/.pico-sdk/sdk/2.1.1/src/rp2_common/pico_printf/printf.c.obj
 .text._out_char
                0x2000398c        0x8 CMakeFiles/LogicAnalyzer.dir/C_/Users/Ich/.pico-sdk/sdk/2.1.1/src/rp2_common/pico_printf/printf.c.obj
 .text._out_fct
                0x20003994        0xc CMakeFiles/LogicAnalyzer.dir/C_/Users/Ich/.pico-sdk/sdk/2.1.1/src/rp2_common/pico_printf/printf.c.obj
 .text._ftoa    0x200039a0      0x4bc CMakeFiles/LogicAnalyzer.dir/C_/Users/Ich/.pico-sdk/sdk/2.1.1/src/rp2_common/pico_printf/printf.c.obj
 *fill*         0x20003e5c        0x4 
 .text._etoa    0x20003e60      0x574 CMakeFiles/LogicAnalyzer.dir/C_/Users/Ich/.pico-sdk/sdk/2.1.1/src/rp2_common/pico_printf/printf.c.obj
 .text._vsnprintf
                0x200043d4      0x9e4 CMakeFiles/LogicAnalyzer.dir/C_/Users/Ich/.pico-sdk/sdk/2.1.1/src/rp2_common/pico_printf/printf.c.obj
 .text.__wrap_sprintf
                0x20004db8       0x2c CMakeFiles/LogicAnalyzer.dir/C_/Users/Ich/.pico-sdk/sdk/2.1.1/src/rp2_common/pico_printf/printf.c.obj
                0x20004db8                __wrap_sprintf
 .text.vfctprintf
                0x20004de4       0x28 CMakeFiles/LogicAnalyzer.dir/C_/Users/Ich/.pico-sdk/sdk/2.1.1/src/rp2_common/pico_printf/printf.c.obj
                0x20004de4                vfctprintf
 .text.weak_raw_vprintf
                0x20004e0c       0x30 CMakeFiles/LogicAnalyzer.dir/C_/Users/Ich/.pico-sdk/sdk/2.1.1/src/rp2_common/pico_printf/printf.c.obj
                0x20004e0c                weak_raw_vprintf
 .text._exit    0x20004e3c        0x4 CMakeFiles/LogicAnalyzer.dir/C_/Users/Ich/.pico-sdk/sdk/2.1.1/src/rp2_common/pico_clib_interface/newlib_interface.c.obj
                0x20004e3c                _exit
 .text.exit     0x20004e40        0x8 CMakeFiles/LogicAnalyzer.dir/C_/Users/Ich/.pico-sdk/sdk/2.1.1/src/rp2_common/pico_clib_interface/newlib_interface.c.obj
                0x20004e40                exit
 .text.runtime_init
                0x20004e48       0x24 CMakeFiles/LogicAnalyzer.dir/C_/Users/Ich/.pico-sdk/sdk/2.1.1/src/rp2_common/pico_clib_interface/newlib_interface.c.obj
                0x20004e48                runtime_init
 .text.stdio_out_chars_no_crlf
                0x20004e6c        0x8 CMakeFiles/LogicAnalyzer.dir/C_/Users/Ich/.pico-sdk/sdk/2.1.1/src/rp2_common/pico_stdio/stdio.c.obj
 .text.stdio_out_chars_crlf
                0x20004e74       0xb0 CMakeFiles/LogicAnalyzer.dir/C_/Users/Ich/.pico-sdk/sdk/2.1.1/src/rp2_common/pico_stdio/stdio.c.obj
 .text.stdio_buffered_printer
                0x20004f24       0x60 CMakeFiles/LogicAnalyzer.dir/C_/Users/Ich/.pico-sdk/sdk/2.1.1/src/rp2_common/pico_stdio/stdio.c.obj
 .text.stdio_put_string
                0x20004f84       0xec CMakeFiles/LogicAnalyzer.dir/C_/Users/Ich/.pico-sdk/sdk/2.1.1/src/rp2_common/pico_stdio/stdio.c.obj
                0x20004f84                stdio_put_string
 .text.stdio_set_driver_enabled
                0x20005070       0x28 CMakeFiles/LogicAnalyzer.dir/C_/Users/Ich/.pico-sdk/sdk/2.1.1/src/rp2_common/pico_stdio/stdio.c.obj
                0x20005070                stdio_set_driver_enabled
 .text.stdio_init_all
                0x20005098        0x4 CMakeFiles/LogicAnalyzer.dir/C_/Users/Ich/.pico-sdk/sdk/2.1.1/src/rp2_common/pico_stdio/stdio.c.obj
                0x20005098                stdio_init_all
 .text.stdio_getchar_timeout_us
                0x2000509c       0x8c CMakeFiles/LogicAnalyzer.dir/C_/Users/Ich/.pico-sdk/sdk/2.1.1/src/rp2_common/pico_stdio/stdio.c.obj
                0x2000509c                stdio_getchar_timeout_us
 .text.__wrap_putchar
                0x20005128       0x84 CMakeFiles/LogicAnalyzer.dir/C_/Users/Ich/.pico-sdk/sdk/2.1.1/src/rp2_common/pico_stdio/stdio.c.obj
                0x20005128                __wrap_putchar
                0x20005128                stdio_putchar
 .text.__wrap_puts
                0x200051ac       0x3c CMakeFiles/LogicAnalyzer.dir/C_/Users/Ich/.pico-sdk/sdk/2.1.1/src/rp2_common/pico_stdio/stdio.c.obj
                0x200051ac                stdio_puts
                0x200051ac                __wrap_puts
 .text.__wrap_vprintf
                0x200051e8       0xc4 CMakeFiles/LogicAnalyzer.dir/C_/Users/Ich/.pico-sdk/sdk/2.1.1/src/rp2_common/pico_stdio/stdio.c.obj
                0x200051e8                stdio_vprintf
                0x200051e8                __wrap_vprintf
 .text.__wrap_printf
                0x200052ac       0x1c CMakeFiles/LogicAnalyzer.dir/C_/Users/Ich/.pico-sdk/sdk/2.1.1/src/rp2_common/pico_stdio/stdio.c.obj
                0x200052ac                __wrap_printf
                0x200052ac                stdio_printf
 .text.resetd_init
                0x200052c8        0x4 CMakeFiles/LogicAnalyzer.dir/C_/Users/Ich/.pico-sdk/sdk/2.1.1/src/rp2_common/pico_stdio_usb/reset_interface.c.obj
 .text.resetd_reset
                0x200052cc        0xc CMakeFiles/LogicAnalyzer.dir/C_/Users/Ich/.pico-sdk/sdk/2.1.1/src/rp2_common/pico_stdio_usb/reset_interface.c.obj
 .text.resetd_open
                0x200052d8       0x28 CMakeFiles/LogicAnalyzer.dir/C_/Users/Ich/.pico-sdk/sdk/2.1.1/src/rp2_common/pico_stdio_usb/reset_interface.c.obj
 .text.resetd_xfer_cb
                0x20005300        0x4 CMakeFiles/LogicAnalyzer.dir/C_/Users/Ich/.pico-sdk/sdk/2.1.1/src/rp2_common/pico_stdio_usb/reset_interface.c.obj
 .text.resetd_control_xfer_cb
                0x20005304       0x50 CMakeFiles/LogicAnalyzer.dir/C_/Users/Ich/.pico-sdk/sdk/2.1.1/src/rp2_common/pico_stdio_usb/reset_interface.c.obj
 .text.tud_descriptor_bos_cb
                0x20005354        0x8 CMakeFiles/LogicAnalyzer.dir/C_/Users/Ich/.pico-sdk/sdk/2.1.1/src/rp2_common/pico_stdio_usb/reset_interface.c.obj
                0x20005354                tud_descriptor_bos_cb
 .text.tud_vendor_control_xfer_cb
                0x2000535c       0x28 CMakeFiles/LogicAnalyzer.dir/C_/Users/Ich/.pico-sdk/sdk/2.1.1/src/rp2_common/pico_stdio_usb/reset_interface.c.obj
                0x2000535c                tud_vendor_control_xfer_cb
 .text.usbd_app_driver_get_cb
                0x20005384       0x10 CMakeFiles/LogicAnalyzer.dir/C_/Users/Ich/.pico-sdk/sdk/2.1.1/src/rp2_common/pico_stdio_usb/reset_interface.c.obj
                0x20005384                usbd_app_driver_get_cb
 .text.tud_cdc_line_coding_cb
                0x20005394       0x18 CMakeFiles/LogicAnalyzer.dir/C_/Users/Ich/.pico-sdk/sdk/2.1.1/src/rp2_common/pico_stdio_usb/reset_interface.c.obj
                0x20005394                tud_cdc_line_coding_cb
 .text.stdio_usb_set_chars_available_callback
                0x200053ac       0x14 CMakeFiles/LogicAnalyzer.dir/C_/Users/Ich/.pico-sdk/sdk/2.1.1/src/rp2_common/pico_stdio_usb/stdio_usb.c.obj
                0x200053ac                stdio_usb_set_chars_available_callback
 .text.timer_task
                0x200053c0       0x70 CMakeFiles/LogicAnalyzer.dir/C_/Users/Ich/.pico-sdk/sdk/2.1.1/src/rp2_common/pico_stdio_usb/stdio_usb.c.obj
 .text.usb_irq  0x20005430        0xc CMakeFiles/LogicAnalyzer.dir/C_/Users/Ich/.pico-sdk/sdk/2.1.1/src/rp2_common/pico_stdio_usb/stdio_usb.c.obj
 .text.stdio_usb_in_chars
                0x2000543c       0x88 CMakeFiles/LogicAnalyzer.dir/C_/Users/Ich/.pico-sdk/sdk/2.1.1/src/rp2_common/pico_stdio_usb/stdio_usb.c.obj
                0x2000543c                stdio_usb_in_chars
 .text.stdio_usb_out_flush
                0x200054c4       0x54 CMakeFiles/LogicAnalyzer.dir/C_/Users/Ich/.pico-sdk/sdk/2.1.1/src/rp2_common/pico_stdio_usb/stdio_usb.c.obj
 .text.stdio_usb_out_chars
                0x20005518       0xf4 CMakeFiles/LogicAnalyzer.dir/C_/Users/Ich/.pico-sdk/sdk/2.1.1/src/rp2_common/pico_stdio_usb/stdio_usb.c.obj
 .text.low_priority_worker_irq
                0x2000560c       0xd8 CMakeFiles/LogicAnalyzer.dir/C_/Users/Ich/.pico-sdk/sdk/2.1.1/src/rp2_common/pico_stdio_usb/stdio_usb.c.obj
 .text.stdio_usb_init
                0x200056e4       0xe8 CMakeFiles/LogicAnalyzer.dir/C_/Users/Ich/.pico-sdk/sdk/2.1.1/src/rp2_common/pico_stdio_usb/stdio_usb.c.obj
                0x200056e4                stdio_usb_init
 .text.tud_descriptor_device_cb
                0x200057cc        0x8 CMakeFiles/LogicAnalyzer.dir/C_/Users/Ich/.pico-sdk/sdk/2.1.1/src/rp2_common/pico_stdio_usb/stdio_usb_descriptors.c.obj
                0x200057cc                tud_descriptor_device_cb
 .text.tud_descriptor_configuration_cb
                0x200057d4        0x8 CMakeFiles/LogicAnalyzer.dir/C_/Users/Ich/.pico-sdk/sdk/2.1.1/src/rp2_common/pico_stdio_usb/stdio_usb_descriptors.c.obj
                0x200057d4                tud_descriptor_configuration_cb
 .text.tud_descriptor_string_cb
                0x200057dc       0x70 CMakeFiles/LogicAnalyzer.dir/C_/Users/Ich/.pico-sdk/sdk/2.1.1/src/rp2_common/pico_stdio_usb/stdio_usb_descriptors.c.obj
                0x200057dc                tud_descriptor_string_cb
 .text.startup._retrieve_unique_id_on_boot
                0x2000584c       0x30 CMakeFiles/LogicAnalyzer.dir/C_/Users/Ich/.pico-sdk/sdk/2.1.1/src/rp2_common/pico_unique_id/unique_id.c.obj
 .text.pico_get_unique_board_id
                0x2000587c       0x10 CMakeFiles/LogicAnalyzer.dir/C_/Users/Ich/.pico-sdk/sdk/2.1.1/src/rp2_common/pico_unique_id/unique_id.c.obj
                0x2000587c                pico_get_unique_board_id
 .text.pico_get_unique_board_id_string
                0x2000588c      0x184 CMakeFiles/LogicAnalyzer.dir/C_/Users/Ich/.pico-sdk/sdk/2.1.1/src/rp2_common/pico_unique_id/unique_id.c.obj
                0x2000588c                pico_get_unique_board_id_string
 .text.dcd_init
                0x20005a10       0x8c CMakeFiles/LogicAnalyzer.dir/C_/Users/Ich/.pico-sdk/sdk/2.1.1/lib/tinyusb/src/portable/raspberrypi/rp2040/dcd_rp2040.c.obj
                0x20005a10                dcd_init
 .text.dcd_int_enable
                0x20005a9c        0x8 CMakeFiles/LogicAnalyzer.dir/C_/Users/Ich/.pico-sdk/sdk/2.1.1/lib/tinyusb/src/portable/raspberrypi/rp2040/dcd_rp2040.c.obj
                0x20005a9c                dcd_int_enable
 .text.dcd_set_address
                0x20005aa4       0x10 CMakeFiles/LogicAnalyzer.dir/C_/Users/Ich/.pico-sdk/sdk/2.1.1/lib/tinyusb/src/portable/raspberrypi/rp2040/dcd_rp2040.c.obj
                0x20005aa4                dcd_set_address
 .text.dcd_sof_enable
                0x20005ab4       0x1c CMakeFiles/LogicAnalyzer.dir/C_/Users/Ich/.pico-sdk/sdk/2.1.1/lib/tinyusb/src/portable/raspberrypi/rp2040/dcd_rp2040.c.obj
                0x20005ab4                dcd_sof_enable
 .text.dcd_edpt0_status_complete
                0x20005ad0       0x1c CMakeFiles/LogicAnalyzer.dir/C_/Users/Ich/.pico-sdk/sdk/2.1.1/lib/tinyusb/src/portable/raspberrypi/rp2040/dcd_rp2040.c.obj
                0x20005ad0                dcd_edpt0_status_complete
 .text.dcd_edpt_open
                0x20005aec      0x104 CMakeFiles/LogicAnalyzer.dir/C_/Users/Ich/.pico-sdk/sdk/2.1.1/lib/tinyusb/src/portable/raspberrypi/rp2040/dcd_rp2040.c.obj
                0x20005aec                dcd_edpt_open
 .text.dcd_edpt_close_all
                0x20005bf0        0x4 CMakeFiles/LogicAnalyzer.dir/C_/Users/Ich/.pico-sdk/sdk/2.1.1/lib/tinyusb/src/portable/raspberrypi/rp2040/dcd_rp2040.c.obj
                0x20005bf0                dcd_edpt_close_all
 .text.dcd_edpt_xfer
                0x20005bf4       0x28 CMakeFiles/LogicAnalyzer.dir/C_/Users/Ich/.pico-sdk/sdk/2.1.1/lib/tinyusb/src/portable/raspberrypi/rp2040/dcd_rp2040.c.obj
                0x20005bf4                dcd_edpt_xfer
 .text.dcd_edpt_stall
                0x20005c1c       0x30 CMakeFiles/LogicAnalyzer.dir/C_/Users/Ich/.pico-sdk/sdk/2.1.1/lib/tinyusb/src/portable/raspberrypi/rp2040/dcd_rp2040.c.obj
                0x20005c1c                dcd_edpt_stall
 .text.dcd_edpt_clear_stall
                0x20005c4c       0x24 CMakeFiles/LogicAnalyzer.dir/C_/Users/Ich/.pico-sdk/sdk/2.1.1/lib/tinyusb/src/portable/raspberrypi/rp2040/dcd_rp2040.c.obj
                0x20005c4c                dcd_edpt_clear_stall
 .text.rp2040_usb_init
                0x20005c70       0x40 CMakeFiles/LogicAnalyzer.dir/C_/Users/Ich/.pico-sdk/sdk/2.1.1/lib/tinyusb/src/portable/raspberrypi/rp2040/rp2040_usb.c.obj
                0x20005c70                rp2040_usb_init
 .text.hw_endpoint_xfer_start
                0x20005cb0       0x40 CMakeFiles/LogicAnalyzer.dir/C_/Users/Ich/.pico-sdk/sdk/2.1.1/lib/tinyusb/src/portable/raspberrypi/rp2040/rp2040_usb.c.obj
                0x20005cb0                hw_endpoint_xfer_start
 .text.configuration_reset
                0x20005cf0       0x8c CMakeFiles/LogicAnalyzer.dir/C_/Users/Ich/.pico-sdk/sdk/2.1.1/lib/tinyusb/src/device/usbd.c.obj
 .text.tud_event_hook_cb
                0x20005d7c        0x4 CMakeFiles/LogicAnalyzer.dir/C_/Users/Ich/.pico-sdk/sdk/2.1.1/lib/tinyusb/src/device/usbd.c.obj
                0x20005d7c                tud_event_hook_cb
 .text.tud_sof_cb
                0x20005d80        0x4 CMakeFiles/LogicAnalyzer.dir/C_/Users/Ich/.pico-sdk/sdk/2.1.1/lib/tinyusb/src/device/usbd.c.obj
                0x20005d80                tud_sof_cb
 .text.tud_descriptor_device_qualifier_cb
                0x20005d84        0x4 CMakeFiles/LogicAnalyzer.dir/C_/Users/Ich/.pico-sdk/sdk/2.1.1/lib/tinyusb/src/device/usbd.c.obj
                0x20005d84                tud_descriptor_device_qualifier_cb
 .text.tud_descriptor_other_speed_configuration_cb
                0x20005d88        0x4 CMakeFiles/LogicAnalyzer.dir/C_/Users/Ich/.pico-sdk/sdk/2.1.1/lib/tinyusb/src/device/usbd.c.obj
                0x20005d88                tud_descriptor_other_speed_configuration_cb
 .text.tud_mount_cb
                0x20005d8c        0x4 CMakeFiles/LogicAnalyzer.dir/C_/Users/Ich/.pico-sdk/sdk/2.1.1/lib/tinyusb/src/device/usbd.c.obj
                0x20005d8c                tud_mount_cb
 .text.tud_umount_cb
                0x20005d90        0x4 CMakeFiles/LogicAnalyzer.dir/C_/Users/Ich/.pico-sdk/sdk/2.1.1/lib/tinyusb/src/device/usbd.c.obj
                0x20005d90                tud_umount_cb
 .text.tud_suspend_cb
                0x20005d94        0x4 CMakeFiles/LogicAnalyzer.dir/C_/Users/Ich/.pico-sdk/sdk/2.1.1/lib/tinyusb/src/device/usbd.c.obj
                0x20005d94                tud_suspend_cb
 .text.tud_resume_cb
                0x20005d98        0x4 CMakeFiles/LogicAnalyzer.dir/C_/Users/Ich/.pico-sdk/sdk/2.1.1/lib/tinyusb/src/device/usbd.c.obj
                0x20005d98                tud_resume_cb
 .text.tud_mounted
                0x20005d9c       0x10 CMakeFiles/LogicAnalyzer.dir/C_/Users/Ich/.pico-sdk/sdk/2.1.1/lib/tinyusb/src/device/usbd.c.obj
                0x20005d9c                tud_mounted
 .text.tud_suspended
                0x20005dac       0x10 CMakeFiles/LogicAnalyzer.dir/C_/Users/Ich/.pico-sdk/sdk/2.1.1/lib/tinyusb/src/device/usbd.c.obj
                0x20005dac                tud_suspended
 .text.tud_rhport_init
                0x20005dbc       0xf4 CMakeFiles/LogicAnalyzer.dir/C_/Users/Ich/.pico-sdk/sdk/2.1.1/lib/tinyusb/src/device/usbd.c.obj
                0x20005dbc                tud_rhport_init
 .text.tud_task_ext
                0x20005eb0      0x784 CMakeFiles/LogicAnalyzer.dir/C_/Users/Ich/.pico-sdk/sdk/2.1.1/lib/tinyusb/src/device/usbd.c.obj
                0x20005eb0                tud_task_ext
 .text.usbd_open_edpt_pair
                0x20006634       0x9c CMakeFiles/LogicAnalyzer.dir/C_/Users/Ich/.pico-sdk/sdk/2.1.1/lib/tinyusb/src/device/usbd.c.obj
                0x20006634                usbd_open_edpt_pair
 .text.usbd_edpt_open
                0x200066d0       0x44 CMakeFiles/LogicAnalyzer.dir/C_/Users/Ich/.pico-sdk/sdk/2.1.1/lib/tinyusb/src/device/usbd.c.obj
                0x200066d0                usbd_edpt_open
 .text.usbd_edpt_claim
                0x20006714       0x24 CMakeFiles/LogicAnalyzer.dir/C_/Users/Ich/.pico-sdk/sdk/2.1.1/lib/tinyusb/src/device/usbd.c.obj
                0x20006714                usbd_edpt_claim
 .text.usbd_edpt_release
                0x20006738       0x24 CMakeFiles/LogicAnalyzer.dir/C_/Users/Ich/.pico-sdk/sdk/2.1.1/lib/tinyusb/src/device/usbd.c.obj
                0x20006738                usbd_edpt_release
 .text.usbd_edpt_xfer
                0x2000675c       0x70 CMakeFiles/LogicAnalyzer.dir/C_/Users/Ich/.pico-sdk/sdk/2.1.1/lib/tinyusb/src/device/usbd.c.obj
                0x2000675c                usbd_edpt_xfer
 .text.tud_control_status
                0x200067cc       0x34 CMakeFiles/LogicAnalyzer.dir/C_/Users/Ich/.pico-sdk/sdk/2.1.1/lib/tinyusb/src/device/usbd_control.c.obj
                0x200067cc                tud_control_status
 .text.tud_control_xfer
                0x20006800       0xb0 CMakeFiles/LogicAnalyzer.dir/C_/Users/Ich/.pico-sdk/sdk/2.1.1/lib/tinyusb/src/device/usbd_control.c.obj
                0x20006800                tud_control_xfer
 .text.usbd_control_reset
                0x200068b0       0x14 CMakeFiles/LogicAnalyzer.dir/C_/Users/Ich/.pico-sdk/sdk/2.1.1/lib/tinyusb/src/device/usbd_control.c.obj
                0x200068b0                usbd_control_reset
 .text.usbd_control_set_complete_callback
                0x200068c4        0xc CMakeFiles/LogicAnalyzer.dir/C_/Users/Ich/.pico-sdk/sdk/2.1.1/lib/tinyusb/src/device/usbd_control.c.obj
                0x200068c4                usbd_control_set_complete_callback
 .text.usbd_control_set_request
                0x200068d0       0x1c CMakeFiles/LogicAnalyzer.dir/C_/Users/Ich/.pico-sdk/sdk/2.1.1/lib/tinyusb/src/device/usbd_control.c.obj
                0x200068d0                usbd_control_set_request
 .text.usbd_control_xfer_cb
                0x200068ec      0x100 CMakeFiles/LogicAnalyzer.dir/C_/Users/Ich/.pico-sdk/sdk/2.1.1/lib/tinyusb/src/device/usbd_control.c.obj
                0x200068ec                usbd_control_xfer_cb
 .text._prep_out_transaction.isra.0
                0x200069ec       0x74 CMakeFiles/LogicAnalyzer.dir/C_/Users/Ich/.pico-sdk/sdk/2.1.1/lib/tinyusb/src/class/cdc/cdc_device.c.obj
 .text.tud_cdc_n_connected
                0x20006a60       0x2c CMakeFiles/LogicAnalyzer.dir/C_/Users/Ich/.pico-sdk/sdk/2.1.1/lib/tinyusb/src/class/cdc/cdc_device.c.obj
                0x20006a60                tud_cdc_n_connected
 .text.tud_cdc_n_available
                0x20006a8c       0x14 CMakeFiles/LogicAnalyzer.dir/C_/Users/Ich/.pico-sdk/sdk/2.1.1/lib/tinyusb/src/class/cdc/cdc_device.c.obj
                0x20006a8c                tud_cdc_n_available
 .text.tud_cdc_n_read
                0x20006aa0       0x90 CMakeFiles/LogicAnalyzer.dir/C_/Users/Ich/.pico-sdk/sdk/2.1.1/lib/tinyusb/src/class/cdc/cdc_device.c.obj
                0x20006aa0                tud_cdc_n_read
 .text.tud_cdc_n_write_flush
                0x20006b30       0x8c CMakeFiles/LogicAnalyzer.dir/C_/Users/Ich/.pico-sdk/sdk/2.1.1/lib/tinyusb/src/class/cdc/cdc_device.c.obj
                0x20006b30                tud_cdc_n_write_flush
 .text.tud_cdc_n_write
                0x20006bbc       0x40 CMakeFiles/LogicAnalyzer.dir/C_/Users/Ich/.pico-sdk/sdk/2.1.1/lib/tinyusb/src/class/cdc/cdc_device.c.obj
                0x20006bbc                tud_cdc_n_write
 .text.tud_cdc_n_write_available
                0x20006bfc       0x14 CMakeFiles/LogicAnalyzer.dir/C_/Users/Ich/.pico-sdk/sdk/2.1.1/lib/tinyusb/src/class/cdc/cdc_device.c.obj
                0x20006bfc                tud_cdc_n_write_available
 .text.cdcd_init
                0x20006c10       0x70 CMakeFiles/LogicAnalyzer.dir/C_/Users/Ich/.pico-sdk/sdk/2.1.1/lib/tinyusb/src/class/cdc/cdc_device.c.obj
                0x20006c10                cdcd_init
 .text.cdcd_deinit
                0x20006c80       0x30 CMakeFiles/LogicAnalyzer.dir/C_/Users/Ich/.pico-sdk/sdk/2.1.1/lib/tinyusb/src/class/cdc/cdc_device.c.obj
                0x20006c80                cdcd_deinit
 .text.cdcd_reset
                0x20006cb0       0x4c CMakeFiles/LogicAnalyzer.dir/C_/Users/Ich/.pico-sdk/sdk/2.1.1/lib/tinyusb/src/class/cdc/cdc_device.c.obj
                0x20006cb0                cdcd_reset
 .text.cdcd_open
                0x20006cfc       0xc0 CMakeFiles/LogicAnalyzer.dir/C_/Users/Ich/.pico-sdk/sdk/2.1.1/lib/tinyusb/src/class/cdc/cdc_device.c.obj
                0x20006cfc                cdcd_open
 .text.cdcd_control_xfer_cb
                0x20006dbc       0xc0 CMakeFiles/LogicAnalyzer.dir/C_/Users/Ich/.pico-sdk/sdk/2.1.1/lib/tinyusb/src/class/cdc/cdc_device.c.obj
                0x20006dbc                cdcd_control_xfer_cb
 .text.cdcd_xfer_cb
                0x20006e7c       0xf8 CMakeFiles/LogicAnalyzer.dir/C_/Users/Ich/.pico-sdk/sdk/2.1.1/lib/tinyusb/src/class/cdc/cdc_device.c.obj
                0x20006e7c                cdcd_xfer_cb
 .text.vendord_init
                0x20006f74       0x5c CMakeFiles/LogicAnalyzer.dir/C_/Users/Ich/.pico-sdk/sdk/2.1.1/lib/tinyusb/src/class/vendor/vendor_device.c.obj
                0x20006f74                vendord_init
 .text.vendord_deinit
                0x20006fd0       0x1c CMakeFiles/LogicAnalyzer.dir/C_/Users/Ich/.pico-sdk/sdk/2.1.1/lib/tinyusb/src/class/vendor/vendor_device.c.obj
                0x20006fd0                vendord_deinit
 .text.vendord_reset
                0x20006fec       0x24 CMakeFiles/LogicAnalyzer.dir/C_/Users/Ich/.pico-sdk/sdk/2.1.1/lib/tinyusb/src/class/vendor/vendor_device.c.obj
                0x20006fec                vendord_reset
 .text.vendord_open
                0x20007010       0xf4 CMakeFiles/LogicAnalyzer.dir/C_/Users/Ich/.pico-sdk/sdk/2.1.1/lib/tinyusb/src/class/vendor/vendor_device.c.obj
                0x20007010                vendord_open
 .text.vendord_xfer_cb
                0x20007104       0x88 CMakeFiles/LogicAnalyzer.dir/C_/Users/Ich/.pico-sdk/sdk/2.1.1/lib/tinyusb/src/class/vendor/vendor_device.c.obj
                0x20007104                vendord_xfer_cb
 .text.tusb_rhport_init
                0x2000718c       0x64 CMakeFiles/LogicAnalyzer.dir/C_/Users/Ich/.pico-sdk/sdk/2.1.1/lib/tinyusb/src/tusb.c.obj
                0x2000718c                tusb_rhport_init
 .text.tu_edpt_claim
                0x200071f0       0x54 CMakeFiles/LogicAnalyzer.dir/C_/Users/Ich/.pico-sdk/sdk/2.1.1/lib/tinyusb/src/tusb.c.obj
                0x200071f0                tu_edpt_claim
 .text.tu_edpt_release
                0x20007244       0x38 CMakeFiles/LogicAnalyzer.dir/C_/Users/Ich/.pico-sdk/sdk/2.1.1/lib/tinyusb/src/tusb.c.obj
                0x20007244                tu_edpt_release
 .text.tu_edpt_validate
                0x2000727c       0x60 CMakeFiles/LogicAnalyzer.dir/C_/Users/Ich/.pico-sdk/sdk/2.1.1/lib/tinyusb/src/tusb.c.obj
                0x2000727c                tu_edpt_validate
 .text.tu_edpt_bind_driver
                0x200072dc       0x58 CMakeFiles/LogicAnalyzer.dir/C_/Users/Ich/.pico-sdk/sdk/2.1.1/lib/tinyusb/src/tusb.c.obj
                0x200072dc                tu_edpt_bind_driver
 .text.tu_edpt_stream_init
                0x20007334       0x58 CMakeFiles/LogicAnalyzer.dir/C_/Users/Ich/.pico-sdk/sdk/2.1.1/lib/tinyusb/src/tusb.c.obj
                0x20007334                tu_edpt_stream_init
 .text.tu_edpt_stream_deinit
                0x2000738c        0x4 CMakeFiles/LogicAnalyzer.dir/C_/Users/Ich/.pico-sdk/sdk/2.1.1/lib/tinyusb/src/tusb.c.obj
                0x2000738c                tu_edpt_stream_deinit
 .text.tu_edpt_stream_write_zlp_if_needed
                0x20007390       0x68 CMakeFiles/LogicAnalyzer.dir/C_/Users/Ich/.pico-sdk/sdk/2.1.1/lib/tinyusb/src/tusb.c.obj
                0x20007390                tu_edpt_stream_write_zlp_if_needed
 .text.tu_edpt_stream_write_xfer
                0x200073f8       0x70 CMakeFiles/LogicAnalyzer.dir/C_/Users/Ich/.pico-sdk/sdk/2.1.1/lib/tinyusb/src/tusb.c.obj
                0x200073f8                tu_edpt_stream_write_xfer
 .text.tu_edpt_stream_read_xfer
                0x20007468       0xc8 CMakeFiles/LogicAnalyzer.dir/C_/Users/Ich/.pico-sdk/sdk/2.1.1/lib/tinyusb/src/tusb.c.obj
                0x20007468                tu_edpt_stream_read_xfer
 .text.tu_fifo_config
                0x20007530       0x60 CMakeFiles/LogicAnalyzer.dir/C_/Users/Ich/.pico-sdk/sdk/2.1.1/lib/tinyusb/src/common/tusb_fifo.c.obj
                0x20007530                tu_fifo_config
 .text.tu_fifo_count
                0x20007590       0x20 CMakeFiles/LogicAnalyzer.dir/C_/Users/Ich/.pico-sdk/sdk/2.1.1/lib/tinyusb/src/common/tusb_fifo.c.obj
                0x20007590                tu_fifo_count
 .text.tu_fifo_empty
                0x200075b0       0x14 CMakeFiles/LogicAnalyzer.dir/C_/Users/Ich/.pico-sdk/sdk/2.1.1/lib/tinyusb/src/common/tusb_fifo.c.obj
                0x200075b0                tu_fifo_empty
 .text.tu_fifo_remaining
                0x200075c4       0x24 CMakeFiles/LogicAnalyzer.dir/C_/Users/Ich/.pico-sdk/sdk/2.1.1/lib/tinyusb/src/common/tusb_fifo.c.obj
                0x200075c4                tu_fifo_remaining
 .text.tu_fifo_read
                0x200075e8       0x94 CMakeFiles/LogicAnalyzer.dir/C_/Users/Ich/.pico-sdk/sdk/2.1.1/lib/tinyusb/src/common/tusb_fifo.c.obj
                0x200075e8                tu_fifo_read
 .text.tu_fifo_read_n
                0x2000767c       0xd8 CMakeFiles/LogicAnalyzer.dir/C_/Users/Ich/.pico-sdk/sdk/2.1.1/lib/tinyusb/src/common/tusb_fifo.c.obj
                0x2000767c                tu_fifo_read_n
 .text.tu_fifo_write
                0x20007754       0xa4 CMakeFiles/LogicAnalyzer.dir/C_/Users/Ich/.pico-sdk/sdk/2.1.1/lib/tinyusb/src/common/tusb_fifo.c.obj
                0x20007754                tu_fifo_write
 .text.tu_fifo_write_n
                0x200077f8      0x15c CMakeFiles/LogicAnalyzer.dir/C_/Users/Ich/.pico-sdk/sdk/2.1.1/lib/tinyusb/src/common/tusb_fifo.c.obj
                0x200077f8                tu_fifo_write_n
 .text.tu_fifo_clear
                0x20007954       0x38 CMakeFiles/LogicAnalyzer.dir/C_/Users/Ich/.pico-sdk/sdk/2.1.1/lib/tinyusb/src/common/tusb_fifo.c.obj
                0x20007954                tu_fifo_clear
 .text.tu_fifo_set_overwritable
                0x2000798c       0x3c CMakeFiles/LogicAnalyzer.dir/C_/Users/Ich/.pico-sdk/sdk/2.1.1/lib/tinyusb/src/common/tusb_fifo.c.obj
                0x2000798c                tu_fifo_set_overwritable
 .text.dma_channel_unclaim
                0x200079c8        0xc CMakeFiles/LogicAnalyzer.dir/C_/Users/Ich/.pico-sdk/sdk/2.1.1/src/rp2_common/hardware_dma/dma.c.obj
                0x200079c8                dma_channel_unclaim
 .text.dma_claim_unused_channel
                0x200079d4       0x20 CMakeFiles/LogicAnalyzer.dir/C_/Users/Ich/.pico-sdk/sdk/2.1.1/src/rp2_common/hardware_dma/dma.c.obj
                0x200079d4                dma_claim_unused_channel
 .text.pio_sm_unclaim
                0x200079f4       0x1c CMakeFiles/LogicAnalyzer.dir/C_/Users/Ich/.pico-sdk/sdk/2.1.1/src/rp2_common/hardware_pio/pio.c.obj
                0x200079f4                pio_sm_unclaim
 .text.pio_claim_unused_sm
                0x20007a10       0x38 CMakeFiles/LogicAnalyzer.dir/C_/Users/Ich/.pico-sdk/sdk/2.1.1/src/rp2_common/hardware_pio/pio.c.obj
                0x20007a10                pio_claim_unused_sm
 .text.pio_add_program
                0x20007a48       0xf4 CMakeFiles/LogicAnalyzer.dir/C_/Users/Ich/.pico-sdk/sdk/2.1.1/src/rp2_common/hardware_pio/pio.c.obj
                0x20007a48                pio_add_program
 .text.pio_remove_program
                0x20007b3c       0x38 CMakeFiles/LogicAnalyzer.dir/C_/Users/Ich/.pico-sdk/sdk/2.1.1/src/rp2_common/hardware_pio/pio.c.obj
                0x20007b3c                pio_remove_program
 .text.pio_clear_instruction_memory
                0x20007b74       0x34 CMakeFiles/LogicAnalyzer.dir/C_/Users/Ich/.pico-sdk/sdk/2.1.1/src/rp2_common/hardware_pio/pio.c.obj
                0x20007b74                pio_clear_instruction_memory
 .text.pio_sm_set_consecutive_pindirs
                0x20007ba8       0x8c CMakeFiles/LogicAnalyzer.dir/C_/Users/Ich/.pico-sdk/sdk/2.1.1/src/rp2_common/hardware_pio/pio.c.obj
                0x20007ba8                pio_sm_set_consecutive_pindirs
 .text.pio_sm_init
                0x20007c34       0xa8 CMakeFiles/LogicAnalyzer.dir/C_/Users/Ich/.pico-sdk/sdk/2.1.1/src/rp2_common/hardware_pio/pio.c.obj
                0x20007c34                pio_sm_init
 .text.exception_set_exclusive_handler
                0x20007cdc       0x4c CMakeFiles/LogicAnalyzer.dir/C_/Users/Ich/.pico-sdk/sdk/2.1.1/src/rp2_common/hardware_exception/exception.c.obj
                0x20007cdc                exception_set_exclusive_handler
 .text.exception_restore_handler
                0x20007d28       0x3c CMakeFiles/LogicAnalyzer.dir/C_/Users/Ich/.pico-sdk/sdk/2.1.1/src/rp2_common/hardware_exception/exception.c.obj
                0x20007d28                exception_restore_handler
 .text.startup.SystemInit
                0x20007d64       0x14 CMakeFiles/LogicAnalyzer.dir/C_/Users/Ich/.pico-sdk/sdk/2.1.1/src/rp2_common/cmsis/stub/CMSIS/Device/RP2350/Source/system_RP2350.c.obj
                0x20007d64                SystemInit
 .text          0x20007d78       0x30 C:/Users/Ich/.pico-sdk/toolchain/14_2_Rel1/bin/../lib/gcc/arm-none-eabi/14.2.1/thumb/v8-m.main+fp/softfp\libgcc.a(_aeabi_uldivmod.o)
                0x20007d78                __aeabi_uldivmod
 .text.__udivmoddi4
                0x20007da8      0x34c C:/Users/Ich/.pico-sdk/toolchain/14_2_Rel1/bin/../lib/gcc/arm-none-eabi/14.2.1/thumb/v8-m.main+fp/softfp\libgcc.a(_udivmoddi4.o)
                0x20007da8                __udivmoddi4
 .text          0x200080f4        0x4 C:/Users/Ich/.pico-sdk/toolchain/14_2_Rel1/bin/../lib/gcc/arm-none-eabi/14.2.1/thumb/v8-m.main+fp/softfp\libgcc.a(_dvmd_tls.o)
                0x200080f4                __aeabi_idiv0
                0x200080f4                __aeabi_ldiv0
 .text.memset   0x200080f8       0x9c C:/Users/Ich/.pico-sdk/toolchain/14_2_Rel1/bin/../lib/gcc/arm-none-eabi/14.2.1/thumb/v8-m.main+fp/softfp\libg.a(libc_a-memset.o)
                0x200080f8                memset
 .text          0x20008194       0xec C:/Users/Ich/.pico-sdk/toolchain/14_2_Rel1/bin/../lib/gcc/arm-none-eabi/14.2.1/thumb/v8-m.main+fp/softfp\libg.a(libc_a-memcpy.o)
                0x20008194                memcpy
 .text.strlen   0x20008280       0x5c C:/Users/Ich/.pico-sdk/toolchain/14_2_Rel1/bin/../lib/gcc/arm-none-eabi/14.2.1/thumb/v8-m.main+fp/softfp\libg.a(libc_a-strlen-stub.o)
                0x20008280                strlen
 *(.fini)
 .fini          0x200082dc        0x4 C:/Users/Ich/.pico-sdk/toolchain/14_2_Rel1/bin/../lib/gcc/arm-none-eabi/14.2.1/thumb/v8-m.main+fp/softfp/crti.o
                0x200082dc                _fini
 *crtbegin.o(.ctors)
 *crtbegin?.o(.ctors)
 *(EXCLUDE_FILE(*crtend.o *crtend?.o) .ctors)
 *(SORT_BY_NAME(.ctors.*))
 *(.ctors)
 *crtbegin.o(.dtors)
 *crtbegin?.o(.dtors)
 *(EXCLUDE_FILE(*crtend.o *crtend?.o) .dtors)
 *(SORT_BY_NAME(.dtors.*))
 *(.dtors)
 *(.eh_frame*)
 .eh_frame      0x200082e0        0x0 C:/Users/Ich/.pico-sdk/toolchain/14_2_Rel1/bin/../lib/gcc/arm-none-eabi/14.2.1/thumb/v8-m.main+fp/softfp/crtbegin.o
                0x200082e0                        . = ALIGN (0x4)
                0x200082e0                        __ram_text_end__ = .
                0x10000224                        __ram_text_source__ = LOADADDR (.text)

.glue_7         0x200082e0        0x0 load address 0x100083f4
 .glue_7        0x200082e0        0x0 linker stubs

.glue_7t        0x200082e0        0x0 load address 0x100083f4
 .glue_7t       0x200082e0        0x0 linker stubs

.vfp11_veneer   0x200082e0        0x0 load address 0x100083f4
 .vfp11_veneer  0x200082e0        0x0 linker stubs

.v4_bx          0x200082e0        0x0 load address 0x100083f4
 .v4_bx         0x200082e0        0x0 linker stubs

.iplt           0x200082e0        0x0 load address 0x100083f4
 .iplt          0x200082e0        0x0 C:/Users/Ich/.pico-sdk/toolchain/14_2_Rel1/bin/../lib/gcc/arm-none-eabi/14.2.1/thumb/v8-m.main+fp/softfp/crtbegin.o
                0x200082e0                        . = ALIGN (0x4)

.data           0x200082e0     0x1434 load address 0x100083f4
                0x200082e0                        __data_start__ = .
 *(vtable)
 *(.time_critical*)
 .time_critical.dma_handler
                0x200082e0       0x4c CMakeFiles/LogicAnalyzer.dir/LogicAnalyzer_Capture.c.obj
                0x200082e0                dma_handler
 .time_critical.sysTickRoll
                0x2000832c       0x10 CMakeFiles/LogicAnalyzer.dir/LogicAnalyzer_Capture.c.obj
                0x2000832c                sysTickRoll
 .time_critical.loopEndHandler
                0x2000833c       0x40 CMakeFiles/LogicAnalyzer.dir/LogicAnalyzer_Capture.c.obj
                0x2000833c                loopEndHandler
 .time_critical.mutex_try_enter
                0x2000837c       0x50 CMakeFiles/LogicAnalyzer.dir/C_/Users/Ich/.pico-sdk/sdk/2.1.1/src/common/pico_sync/mutex.c.obj
                0x2000837c                mutex_try_enter
 .time_critical.mutex_enter_block_until
                0x200083cc       0x6c CMakeFiles/LogicAnalyzer.dir/C_/Users/Ich/.pico-sdk/sdk/2.1.1/src/common/pico_sync/mutex.c.obj
                0x200083cc                mutex_enter_block_until
 .time_critical.mutex_try_enter_block_until
                0x20008438       0x68 CMakeFiles/LogicAnalyzer.dir/C_/Users/Ich/.pico-sdk/sdk/2.1.1/src/common/pico_sync/mutex.c.obj
                0x20008438                mutex_try_enter_block_until
 .time_critical.mutex_enter_timeout_ms
                0x200084a0       0x38 CMakeFiles/LogicAnalyzer.dir/C_/Users/Ich/.pico-sdk/sdk/2.1.1/src/common/pico_sync/mutex.c.obj
                0x200084a0                mutex_enter_timeout_ms
 .time_critical.mutex_exit
                0x200084d8       0x3c CMakeFiles/LogicAnalyzer.dir/C_/Users/Ich/.pico-sdk/sdk/2.1.1/src/common/pico_sync/mutex.c.obj
                0x200084d8                mutex_exit
 .time_critical.reset_non_control_endpoints
                0x20008514       0x64 CMakeFiles/LogicAnalyzer.dir/C_/Users/Ich/.pico-sdk/sdk/2.1.1/lib/tinyusb/src/portable/raspberrypi/rp2040/dcd_rp2040.c.obj
 .time_critical.hw_handle_buff_status
                0x20008578       0x90 CMakeFiles/LogicAnalyzer.dir/C_/Users/Ich/.pico-sdk/sdk/2.1.1/lib/tinyusb/src/portable/raspberrypi/rp2040/dcd_rp2040.c.obj
 .time_critical.dcd_rp2040_irq
                0x20008608      0x530 CMakeFiles/LogicAnalyzer.dir/C_/Users/Ich/.pico-sdk/sdk/2.1.1/lib/tinyusb/src/portable/raspberrypi/rp2040/dcd_rp2040.c.obj
 .time_critical.prepare_ep_buffer
                0x20008b38       0xc0 CMakeFiles/LogicAnalyzer.dir/C_/Users/Ich/.pico-sdk/sdk/2.1.1/lib/tinyusb/src/portable/raspberrypi/rp2040/rp2040_usb.c.obj
 .time_critical.sync_ep_buffer
                0x20008bf8       0xb4 CMakeFiles/LogicAnalyzer.dir/C_/Users/Ich/.pico-sdk/sdk/2.1.1/lib/tinyusb/src/portable/raspberrypi/rp2040/rp2040_usb.c.obj
 .time_critical._hw_endpoint_xfer_sync
                0x20008cac       0x2c CMakeFiles/LogicAnalyzer.dir/C_/Users/Ich/.pico-sdk/sdk/2.1.1/lib/tinyusb/src/portable/raspberrypi/rp2040/rp2040_usb.c.obj
 .time_critical.e15_is_bulkin_ep
                0x20008cd8       0x28 CMakeFiles/LogicAnalyzer.dir/C_/Users/Ich/.pico-sdk/sdk/2.1.1/lib/tinyusb/src/portable/raspberrypi/rp2040/rp2040_usb.c.obj
 .time_critical.e15_is_critical_frame_period
                0x20008d00       0x28 CMakeFiles/LogicAnalyzer.dir/C_/Users/Ich/.pico-sdk/sdk/2.1.1/lib/tinyusb/src/portable/raspberrypi/rp2040/rp2040_usb.c.obj
 .time_critical.hw_endpoint_reset_transfer
                0x20008d28        0xc CMakeFiles/LogicAnalyzer.dir/C_/Users/Ich/.pico-sdk/sdk/2.1.1/lib/tinyusb/src/portable/raspberrypi/rp2040/rp2040_usb.c.obj
                0x20008d28                hw_endpoint_reset_transfer
 .time_critical._hw_endpoint_buffer_control_update32
                0x20008d34       0x44 CMakeFiles/LogicAnalyzer.dir/C_/Users/Ich/.pico-sdk/sdk/2.1.1/lib/tinyusb/src/portable/raspberrypi/rp2040/rp2040_usb.c.obj
                0x20008d34                _hw_endpoint_buffer_control_update32
 .time_critical.hw_endpoint_start_next_buffer
                0x20008d78       0x64 CMakeFiles/LogicAnalyzer.dir/C_/Users/Ich/.pico-sdk/sdk/2.1.1/lib/tinyusb/src/portable/raspberrypi/rp2040/rp2040_usb.c.obj
                0x20008d78                hw_endpoint_start_next_buffer
 .time_critical.hw_endpoint_xfer_continue
                0x20008ddc       0x3c CMakeFiles/LogicAnalyzer.dir/C_/Users/Ich/.pico-sdk/sdk/2.1.1/lib/tinyusb/src/portable/raspberrypi/rp2040/rp2040_usb.c.obj
                0x20008ddc                hw_endpoint_xfer_continue
 .time_critical.tinyusb
                0x20008e18      0x224 CMakeFiles/LogicAnalyzer.dir/C_/Users/Ich/.pico-sdk/sdk/2.1.1/lib/tinyusb/src/device/usbd.c.obj
                0x20008e18                dcd_event_handler
                0x2000903c                        . = ALIGN (0x4)
 *(.rodata*)
 .rodata.processData.str1.4
                0x2000903c      0x2a8 CMakeFiles/LogicAnalyzer.dir/LogicAnalyzer.c.obj
                                 0xc1 (size before relaxing)
 .rodata.main.str1.4
                0x200092e4       0x32 CMakeFiles/LogicAnalyzer.dir/LogicAnalyzer.c.obj
 .rodata.CSWTCH.324
                0x200092e4        0xc CMakeFiles/LogicAnalyzer.dir/LogicAnalyzer_Capture.c.obj
 .rodata.CSWTCH.302
                0x200092f0        0xc CMakeFiles/LogicAnalyzer.dir/LogicAnalyzer_Capture.c.obj
 .rodata.pinMap
                0x200092fc        0x8 CMakeFiles/LogicAnalyzer.dir/LogicAnalyzer_Capture.c.obj
                0x200092fc                pinMap
 .rodata.NEGATIVE_CAPTURE_MEASUREBURSTS_program
                0x20009304        0x8 CMakeFiles/LogicAnalyzer.dir/LogicAnalyzer_Capture.c.obj
 .rodata.NEGATIVE_CAPTURE_MEASUREBURSTS_program_instructions
                0x2000930c       0x20 CMakeFiles/LogicAnalyzer.dir/LogicAnalyzer_Capture.c.obj
 .rodata.POSITIVE_CAPTURE_MEASUREBURSTS_program
                0x2000932c        0x8 CMakeFiles/LogicAnalyzer.dir/LogicAnalyzer_Capture.c.obj
 .rodata.POSITIVE_CAPTURE_MEASUREBURSTS_program_instructions
                0x20009334       0x22 CMakeFiles/LogicAnalyzer.dir/LogicAnalyzer_Capture.c.obj
 *fill*         0x20009356        0x2 
 .rodata.NEGATIVE_CAPTURE_program
                0x20009358        0x8 CMakeFiles/LogicAnalyzer.dir/LogicAnalyzer_Capture.c.obj
 .rodata.NEGATIVE_CAPTURE_program_instructions
                0x20009360       0x1a CMakeFiles/LogicAnalyzer.dir/LogicAnalyzer_Capture.c.obj
 *fill*         0x2000937a        0x2 
 .rodata.POSITIVE_CAPTURE_program
                0x2000937c        0x8 CMakeFiles/LogicAnalyzer.dir/LogicAnalyzer_Capture.c.obj
 .rodata.POSITIVE_CAPTURE_program_instructions
                0x20009384       0x1c CMakeFiles/LogicAnalyzer.dir/LogicAnalyzer_Capture.c.obj
 .rodata.BLAST_CAPTURE_program
                0x200093a0        0x8 CMakeFiles/LogicAnalyzer.dir/LogicAnalyzer_Capture.c.obj
 .rodata.BLAST_CAPTURE_program_instructions
                0x200093a8        0x4 CMakeFiles/LogicAnalyzer.dir/LogicAnalyzer_Capture.c.obj
 .rodata.panic.str1.4
                0x200093ac       0x12 CMakeFiles/LogicAnalyzer.dir/C_/Users/Ich/.pico-sdk/sdk/2.1.1/src/rp2_common/pico_platform_panic/panic.c.obj
 .rodata.spin_lock_claim_unused.str1.4
                0x200093ac       0x1b CMakeFiles/LogicAnalyzer.dir/C_/Users/Ich/.pico-sdk/sdk/2.1.1/src/rp2_common/hardware_sync/sync.c.obj
 .rodata.user_irq_claim_unused.str1.4
                0x200093ac       0x1b CMakeFiles/LogicAnalyzer.dir/C_/Users/Ich/.pico-sdk/sdk/2.1.1/src/rp2_common/hardware_irq/irq.c.obj
 .rodata.timer_hardware_alarm_claim.str1.4
                0x200093ac       0x22 CMakeFiles/LogicAnalyzer.dir/C_/Users/Ich/.pico-sdk/sdk/2.1.1/src/rp2_common/hardware_timer/timer.c.obj
 .rodata.hard_assertion_failure.str1.4
                0x200093ac        0xc CMakeFiles/LogicAnalyzer.dir/C_/Users/Ich/.pico-sdk/sdk/2.1.1/src/rp2_common/pico_runtime/runtime.c.obj
 .rodata.str1.4
                0x200093ac       0x48 CMakeFiles/LogicAnalyzer.dir/C_/Users/Ich/.pico-sdk/sdk/2.1.1/src/rp2_common/pico_standard_binary_info/standard_binary_info.c.obj
 .rodata.__bi_84
                0x200093ac        0xc CMakeFiles/LogicAnalyzer.dir/C_/Users/Ich/.pico-sdk/sdk/2.1.1/src/rp2_common/pico_standard_binary_info/standard_binary_info.c.obj
 .rodata.__bi_78
                0x200093b8        0xc CMakeFiles/LogicAnalyzer.dir/C_/Users/Ich/.pico-sdk/sdk/2.1.1/src/rp2_common/pico_standard_binary_info/standard_binary_info.c.obj
 .rodata.__bi_60
                0x200093c4        0xc CMakeFiles/LogicAnalyzer.dir/C_/Users/Ich/.pico-sdk/sdk/2.1.1/src/rp2_common/pico_standard_binary_info/standard_binary_info.c.obj
 .rodata.__bi_54
                0x200093d0        0xc CMakeFiles/LogicAnalyzer.dir/C_/Users/Ich/.pico-sdk/sdk/2.1.1/src/rp2_common/pico_standard_binary_info/standard_binary_info.c.obj
 .rodata.__bi_48
                0x200093dc        0xc CMakeFiles/LogicAnalyzer.dir/C_/Users/Ich/.pico-sdk/sdk/2.1.1/src/rp2_common/pico_standard_binary_info/standard_binary_info.c.obj
 .rodata.__bi_42
                0x200093e8        0xc CMakeFiles/LogicAnalyzer.dir/C_/Users/Ich/.pico-sdk/sdk/2.1.1/src/rp2_common/pico_standard_binary_info/standard_binary_info.c.obj
 .rodata.__bi_34
                0x200093f4        0xc CMakeFiles/LogicAnalyzer.dir/C_/Users/Ich/.pico-sdk/sdk/2.1.1/src/rp2_common/pico_standard_binary_info/standard_binary_info.c.obj
 .rodata.__bi_26
                0x20009400        0xc CMakeFiles/LogicAnalyzer.dir/C_/Users/Ich/.pico-sdk/sdk/2.1.1/src/rp2_common/pico_standard_binary_info/standard_binary_info.c.obj
 .rodata._ftoa.str1.4
                0x2000940c       0x15 CMakeFiles/LogicAnalyzer.dir/C_/Users/Ich/.pico-sdk/sdk/2.1.1/src/rp2_common/pico_printf/printf.c.obj
 *fill*         0x2000940c        0x4 
 .rodata.pow10.0
                0x20009410       0x50 CMakeFiles/LogicAnalyzer.dir/C_/Users/Ich/.pico-sdk/sdk/2.1.1/src/rp2_common/pico_printf/printf.c.obj
 .rodata.crlf_str.0
                0x20009460        0x2 CMakeFiles/LogicAnalyzer.dir/C_/Users/Ich/.pico-sdk/sdk/2.1.1/src/rp2_common/pico_stdio/stdio.c.obj
 *fill*         0x20009462        0x2 
 .rodata._resetd_driver
                0x20009464       0x20 CMakeFiles/LogicAnalyzer.dir/C_/Users/Ich/.pico-sdk/sdk/2.1.1/src/rp2_common/pico_stdio_usb/reset_interface.c.obj
 .rodata.desc_ms_os_20
                0x20009484       0xa6 CMakeFiles/LogicAnalyzer.dir/C_/Users/Ich/.pico-sdk/sdk/2.1.1/src/rp2_common/pico_stdio_usb/reset_interface.c.obj
 *fill*         0x2000952a        0x2 
 .rodata.desc_bos
                0x2000952c       0x21 CMakeFiles/LogicAnalyzer.dir/C_/Users/Ich/.pico-sdk/sdk/2.1.1/src/rp2_common/pico_stdio_usb/reset_interface.c.obj
                0x2000952c                desc_bos
 .rodata.str1.4
                0x2000954d       0x13 CMakeFiles/LogicAnalyzer.dir/C_/Users/Ich/.pico-sdk/sdk/2.1.1/src/rp2_common/pico_stdio_usb/stdio_usb.c.obj
 *fill*         0x2000954d        0x3 
 .rodata.__bi_197.0
                0x20009550        0xc CMakeFiles/LogicAnalyzer.dir/C_/Users/Ich/.pico-sdk/sdk/2.1.1/src/rp2_common/pico_stdio_usb/stdio_usb.c.obj
 .rodata.str1.4
                0x2000955c       0x2e CMakeFiles/LogicAnalyzer.dir/C_/Users/Ich/.pico-sdk/sdk/2.1.1/src/rp2_common/pico_stdio_usb/stdio_usb_descriptors.c.obj
 .rodata.usbd_desc_str
                0x2000955c       0x18 CMakeFiles/LogicAnalyzer.dir/C_/Users/Ich/.pico-sdk/sdk/2.1.1/src/rp2_common/pico_stdio_usb/stdio_usb_descriptors.c.obj
 .rodata.usbd_desc_cfg
                0x20009574       0x54 CMakeFiles/LogicAnalyzer.dir/C_/Users/Ich/.pico-sdk/sdk/2.1.1/src/rp2_common/pico_stdio_usb/stdio_usb_descriptors.c.obj
 .rodata.usbd_desc_device
                0x200095c8       0x12 CMakeFiles/LogicAnalyzer.dir/C_/Users/Ich/.pico-sdk/sdk/2.1.1/src/rp2_common/pico_stdio_usb/stdio_usb_descriptors.c.obj
 .rodata.str1.4
                0x200095da       0x14 CMakeFiles/LogicAnalyzer.dir/C_/Users/Ich/.pico-sdk/sdk/2.1.1/lib/tinyusb/src/portable/raspberrypi/rp2040/dcd_rp2040.c.obj
 .rodata.str1.4
                0x200095da       0x48 CMakeFiles/LogicAnalyzer.dir/C_/Users/Ich/.pico-sdk/sdk/2.1.1/lib/tinyusb/src/portable/raspberrypi/rp2040/rp2040_usb.c.obj
 *fill*         0x200095da        0x2 
 .rodata._usbd_driver
                0x200095dc       0x40 CMakeFiles/LogicAnalyzer.dir/C_/Users/Ich/.pico-sdk/sdk/2.1.1/lib/tinyusb/src/device/usbd.c.obj
 .rodata.dma_claim_unused_channel.str1.4
                0x2000961c       0x1e CMakeFiles/LogicAnalyzer.dir/C_/Users/Ich/.pico-sdk/sdk/2.1.1/src/rp2_common/hardware_dma/dma.c.obj
 .rodata.pio_claim_unused_sm.str1.4
                0x2000961c       0x24 CMakeFiles/LogicAnalyzer.dir/C_/Users/Ich/.pico-sdk/sdk/2.1.1/src/rp2_common/hardware_pio/pio.c.obj
 *(.srodata*)
                0x20009640                        . = ALIGN (0x4)
 *(.data*)
 .data.striped_spin_lock_num
                0x2000961c        0x1 CMakeFiles/LogicAnalyzer.dir/C_/Users/Ich/.pico-sdk/sdk/2.1.1/src/rp2_common/hardware_sync/sync.c.obj
 *fill*         0x2000961d        0x3 
 .data          0x20009620       0x48 CMakeFiles/LogicAnalyzer.dir/C_/Users/Ich/.pico-sdk/sdk/2.1.1/src/rp2_common/hardware_irq/irq_handler_chain.S.obj
                0x20009620                irq_handler_chain_slots
                0x20009650                irq_handler_chain_first_slot
                0x2000965a                irq_handler_chain_remove_tail
 .data.default_alarm_pool
                0x20009668       0x18 CMakeFiles/LogicAnalyzer.dir/C_/Users/Ich/.pico-sdk/sdk/2.1.1/src/common/pico_time/time.c.obj
 .data.stdio_usb
                0x20009680       0x18 CMakeFiles/LogicAnalyzer.dir/C_/Users/Ich/.pico-sdk/sdk/2.1.1/src/rp2_common/pico_stdio_usb/stdio_usb.c.obj
                0x20009680                stdio_usb
 .data._usbd_qdef
                0x20009698       0x1c CMakeFiles/LogicAnalyzer.dir/C_/Users/Ich/.pico-sdk/sdk/2.1.1/lib/tinyusb/src/device/usbd.c.obj
                0x20009698                _usbd_qdef
 .data._usbd_rhport
                0x200096b4        0x1 CMakeFiles/LogicAnalyzer.dir/C_/Users/Ich/.pico-sdk/sdk/2.1.1/lib/tinyusb/src/device/usbd.c.obj
 *(.sdata*)
                0x200096b8                        . = ALIGN (0x4)
 *fill*         0x200096b5        0x3 
 *(.after_data.*)
                0x200096b8                        . = ALIGN (0x4)
                0x200096b8                        PROVIDE (__mutex_array_start = .)
 *(SORT_BY_NAME(.mutex_array.*))
 *(.mutex_array)
 .mutex_array   0x200096b8        0x8 CMakeFiles/LogicAnalyzer.dir/C_/Users/Ich/.pico-sdk/sdk/2.1.1/src/rp2_common/pico_malloc/malloc.c.obj
 .mutex_array   0x200096c0        0x8 CMakeFiles/LogicAnalyzer.dir/C_/Users/Ich/.pico-sdk/sdk/2.1.1/src/rp2_common/pico_stdio/stdio.c.obj
                0x200096c8                        PROVIDE (__mutex_array_end = .)
                0x200096c8                        . = ALIGN (0x4)
                0x200096c8                        PROVIDE (__preinit_array_start = .)
 *(SORT_BY_NAME(.preinit_array.*))
 .preinit_array.00050
                0x200096c8        0x4 CMakeFiles/LogicAnalyzer.dir/C_/Users/Ich/.pico-sdk/sdk/2.1.1/src/rp2_common/pico_runtime_init/runtime_init.c.obj
                0x200096c8                __pre_init_runtime_init_bootrom_reset
 .preinit_array.00100
                0x200096cc        0x4 CMakeFiles/LogicAnalyzer.dir/C_/Users/Ich/.pico-sdk/sdk/2.1.1/src/rp2_common/pico_runtime_init/runtime_init.c.obj
                0x200096cc                __pre_init_runtime_init_early_resets
 .preinit_array.00101
                0x200096d0        0x4 CMakeFiles/LogicAnalyzer.dir/C_/Users/Ich/.pico-sdk/sdk/2.1.1/src/rp2_common/pico_runtime_init/runtime_init.c.obj
                0x200096d0                __pre_init_runtime_init_usb_power_down
 .preinit_array.00500
                0x200096d4        0x4 CMakeFiles/LogicAnalyzer.dir/C_/Users/Ich/.pico-sdk/sdk/2.1.1/src/rp2_common/pico_runtime_init/runtime_init.c.obj
                0x200096d4                __pre_init_runtime_init_clocks
 .preinit_array.00600
                0x200096d8        0x4 CMakeFiles/LogicAnalyzer.dir/C_/Users/Ich/.pico-sdk/sdk/2.1.1/src/rp2_common/pico_runtime_init/runtime_init.c.obj
                0x200096d8                __pre_init_runtime_init_post_clock_resets
 .preinit_array.01000
                0x200096dc        0x4 CMakeFiles/LogicAnalyzer.dir/C_/Users/Ich/.pico-sdk/sdk/2.1.1/src/rp2_common/hardware_boot_lock/boot_lock.c.obj
                0x200096dc                __pre_init_runtime_init_boot_locks_reset
 .preinit_array.01000
                0x200096e0        0x4 CMakeFiles/LogicAnalyzer.dir/C_/Users/Ich/.pico-sdk/sdk/2.1.1/src/rp2_common/pico_runtime_init/runtime_init.c.obj
                0x200096e0                __pre_init_runtime_init_spin_locks_reset
 .preinit_array.01010
                0x200096e4        0x4 CMakeFiles/LogicAnalyzer.dir/C_/Users/Ich/.pico-sdk/sdk/2.1.1/src/rp2_common/pico_bootrom/bootrom_lock.c.obj
                0x200096e4                __pre_init_runtime_init_bootrom_locking_enable
 .preinit_array.01100
                0x200096e8        0x4 CMakeFiles/LogicAnalyzer.dir/C_/Users/Ich/.pico-sdk/sdk/2.1.1/src/common/pico_sync/mutex.c.obj
                0x200096e8                __pre_init_runtime_init_mutex
 .preinit_array.10080
                0x200096ec        0x4 CMakeFiles/LogicAnalyzer.dir/C_/Users/Ich/.pico-sdk/sdk/2.1.1/src/rp2_common/pico_runtime_init/runtime_init.c.obj
                0x200096ec                __pre_init_runtime_init_install_ram_vector_table
 .preinit_array.11000
                0x200096f0        0x4 CMakeFiles/LogicAnalyzer.dir/C_/Users/Ich/.pico-sdk/sdk/2.1.1/src/common/pico_time/time.c.obj
                0x200096f0                __pre_init_runtime_init_default_alarm_pool
 .preinit_array.YYYYY
                0x200096f4        0x4 CMakeFiles/LogicAnalyzer.dir/C_/Users/Ich/.pico-sdk/sdk/2.1.1/src/rp2_common/pico_runtime/runtime.c.obj
                0x200096f4                __pre_init_first_per_core_initializer
 .preinit_array.ZZZZZ.00051
                0x200096f8        0x4 CMakeFiles/LogicAnalyzer.dir/C_/Users/Ich/.pico-sdk/sdk/2.1.1/src/rp2_common/pico_runtime_init/runtime_init.c.obj
                0x200096f8                __pre_init_runtime_init_per_core_bootrom_reset
 .preinit_array.ZZZZZ.00200
                0x200096fc        0x4 CMakeFiles/LogicAnalyzer.dir/C_/Users/Ich/.pico-sdk/sdk/2.1.1/src/rp2_common/pico_runtime_init/runtime_init.c.obj
                0x200096fc                __pre_init_runtime_init_per_core_enable_coprocessors
 .preinit_array.ZZZZZ.01000
                0x20009700        0x4 CMakeFiles/LogicAnalyzer.dir/C_/Users/Ich/.pico-sdk/sdk/2.1.1/src/rp2_common/hardware_sync_spin_lock/sync_spin_lock.c.obj
                0x20009700                __pre_init_spinlock_set_extexclall
 .preinit_array.ZZZZZ.01200
                0x20009704        0x4 CMakeFiles/LogicAnalyzer.dir/C_/Users/Ich/.pico-sdk/sdk/2.1.1/src/rp2_common/hardware_irq/irq.c.obj
                0x20009704                __pre_init_runtime_init_per_core_irq_priorities
 *(.preinit_array)
                0x20009708                        PROVIDE (__preinit_array_end = .)
                0x20009708                        . = ALIGN (0x4)
                0x20009708                        PROVIDE (__init_array_start = .)
 *(SORT_BY_NAME(.init_array.*))
 *(.init_array)
 .init_array    0x20009708        0x4 C:/Users/Ich/.pico-sdk/toolchain/14_2_Rel1/bin/../lib/gcc/arm-none-eabi/14.2.1/thumb/v8-m.main+fp/softfp/crtbegin.o
 .init_array    0x2000970c        0x4 CMakeFiles/LogicAnalyzer.dir/C_/Users/Ich/.pico-sdk/sdk/2.1.1/src/rp2_common/pico_unique_id/unique_id.c.obj
 .init_array    0x20009710        0x4 CMakeFiles/LogicAnalyzer.dir/C_/Users/Ich/.pico-sdk/sdk/2.1.1/src/rp2_common/cmsis/stub/CMSIS/Device/RP2350/Source/system_RP2350.c.obj
                0x20009714                        PROVIDE (__init_array_end = .)
                0x20009714                        . = ALIGN (0x4)
                [!provide]                        PROVIDE (__fini_array_start = .)
 *(SORT_BY_NAME(.fini_array.*))
 *(.fini_array)
                [!provide]                        PROVIDE (__fini_array_end = .)
 *(.jcr)
                0x20009714                        . = ALIGN (0x4)

.tm_clone_table
                0x20009714        0x0 load address 0x10009828
 .tm_clone_table
                0x20009714        0x0 C:/Users/Ich/.pico-sdk/toolchain/14_2_Rel1/bin/../lib/gcc/arm-none-eabi/14.2.1/thumb/v8-m.main+fp/softfp/crtbegin.o
 .tm_clone_table
                0x20009714        0x0 C:/Users/Ich/.pico-sdk/toolchain/14_2_Rel1/bin/../lib/gcc/arm-none-eabi/14.2.1/thumb/v8-m.main+fp/softfp/crtend.o

.igot.plt       0x20009714        0x0 load address 0x10009828
 .igot.plt      0x20009714        0x0 C:/Users/Ich/.pico-sdk/toolchain/14_2_Rel1/bin/../lib/gcc/arm-none-eabi/14.2.1/thumb/v8-m.main+fp/softfp/crtbegin.o

.tdata          0x20009714        0x0 load address 0x10009828
                0x20009714                        . = ALIGN (0x4)
 *(.tdata .tdata.* .gnu.linkonce.td.*)
                0x20009714                        __tdata_end = .
                0x20009714                        PROVIDE (__data_end__ = .)
                0x100083f4                        __etext = LOADADDR (.data)

.tbss           0x20009714        0x0 load address 0x10009828
                0x20009714                        . = ALIGN (0x4)
                0x20009714                        __bss_start__ = .
                0x20009714                        __tls_base = .
 *(.tbss .tbss.* .gnu.linkonce.tb.*)
 *(.tcommon)
                0x20009714                        __tls_end = .

.bss            0x20009718    0x7650c load address 0x10009828
                0x20009718                        . = ALIGN (0x4)
                0x20009718                        __tbss_end = .
 *(SORT_BY_ALIGNMENT(SORT_BY_NAME(.bss*)))
 .bss.default_alarm_pool_entries
                0x20009718      0x180 CMakeFiles/LogicAnalyzer.dir/C_/Users/Ich/.pico-sdk/sdk/2.1.1/src/common/pico_time/time.c.obj
 .bss.lastCapturePins
                0x20009898        0x8 CMakeFiles/LogicAnalyzer.dir/LogicAnalyzer_Capture.c.obj
 .bss.last_avail_time.1
                0x200098a0        0x8 CMakeFiles/LogicAnalyzer.dir/C_/Users/Ich/.pico-sdk/sdk/2.1.1/src/rp2_common/pico_stdio_usb/stdio_usb.c.obj
 .bss.SystemCoreClock
                0x200098a8        0x4 CMakeFiles/LogicAnalyzer.dir/C_/Users/Ich/.pico-sdk/sdk/2.1.1/src/rp2_common/cmsis/stub/CMSIS/Device/RP2350/Source/system_RP2350.c.obj
                0x200098a8                SystemCoreClock
 .bss._app_driver
                0x200098ac        0x4 CMakeFiles/LogicAnalyzer.dir/C_/Users/Ich/.pico-sdk/sdk/2.1.1/lib/tinyusb/src/device/usbd.c.obj
 .bss._cdcd_epbuf
                0x200098b0       0x80 CMakeFiles/LogicAnalyzer.dir/C_/Users/Ich/.pico-sdk/sdk/2.1.1/lib/tinyusb/src/class/cdc/cdc_device.c.obj
 .bss._cdcd_fifo_cfg
                0x20009930        0x1 CMakeFiles/LogicAnalyzer.dir/C_/Users/Ich/.pico-sdk/sdk/2.1.1/lib/tinyusb/src/class/cdc/cdc_device.c.obj
 *fill*         0x20009931        0x3 
 .bss._cdcd_itf
                0x20009934       0xc8 CMakeFiles/LogicAnalyzer.dir/C_/Users/Ich/.pico-sdk/sdk/2.1.1/lib/tinyusb/src/class/cdc/cdc_device.c.obj
 .bss._ctrl_epbuf
                0x200099fc       0x40 CMakeFiles/LogicAnalyzer.dir/C_/Users/Ich/.pico-sdk/sdk/2.1.1/lib/tinyusb/src/device/usbd_control.c.obj
 .bss._ctrl_xfer
                0x20009a3c       0x14 CMakeFiles/LogicAnalyzer.dir/C_/Users/Ich/.pico-sdk/sdk/2.1.1/lib/tinyusb/src/device/usbd_control.c.obj
 .bss._sw_spin_locks
                0x20009a50       0x20 CMakeFiles/LogicAnalyzer.dir/C_/Users/Ich/.pico-sdk/sdk/2.1.1/src/rp2_common/hardware_sync_spin_lock/sync_spin_lock.c.obj
                0x20009a50                _sw_spin_locks
 .bss._tusb_rhport_role
                0x20009a70        0x2 CMakeFiles/LogicAnalyzer.dir/C_/Users/Ich/.pico-sdk/sdk/2.1.1/lib/tinyusb/src/tusb.c.obj
                0x20009a70                _tusb_rhport_role
 *fill*         0x20009a72        0x2 
 .bss._ubsd_mutexdef
                0x20009a74        0x8 CMakeFiles/LogicAnalyzer.dir/C_/Users/Ich/.pico-sdk/sdk/2.1.1/lib/tinyusb/src/device/usbd.c.obj
 .bss._usbd_dev
                0x20009a7c       0x54 CMakeFiles/LogicAnalyzer.dir/C_/Users/Ich/.pico-sdk/sdk/2.1.1/lib/tinyusb/src/device/usbd.c.obj
 .bss._usbd_mutex
                0x20009ad0        0x4 CMakeFiles/LogicAnalyzer.dir/C_/Users/Ich/.pico-sdk/sdk/2.1.1/lib/tinyusb/src/device/usbd.c.obj
 .bss._usbd_q   0x20009ad4        0x4 CMakeFiles/LogicAnalyzer.dir/C_/Users/Ich/.pico-sdk/sdk/2.1.1/lib/tinyusb/src/device/usbd.c.obj
 .bss._usbd_qdef_buf
                0x20009ad8       0xc0 CMakeFiles/LogicAnalyzer.dir/C_/Users/Ich/.pico-sdk/sdk/2.1.1/lib/tinyusb/src/device/usbd.c.obj
                0x20009ad8                _usbd_qdef_buf
 .bss._used_instruction_space
                0x20009b98        0xc CMakeFiles/LogicAnalyzer.dir/C_/Users/Ich/.pico-sdk/sdk/2.1.1/src/rp2_common/hardware_pio/pio.c.obj
 .bss._vendord_epbuf
                0x20009ba4       0x80 CMakeFiles/LogicAnalyzer.dir/C_/Users/Ich/.pico-sdk/sdk/2.1.1/lib/tinyusb/src/class/vendor/vendor_device.c.obj
 .bss._vendord_itf
                0x20009c24      0x24c CMakeFiles/LogicAnalyzer.dir/C_/Users/Ich/.pico-sdk/sdk/2.1.1/lib/tinyusb/src/class/vendor/vendor_device.c.obj
 .bss.blinkCount
                0x20009e70        0x4 CMakeFiles/LogicAnalyzer.dir/LogicAnalyzer.c.obj
                0x20009e70                blinkCount
 .bss.captureBuffer
                0x20009e74    0x75400 CMakeFiles/LogicAnalyzer.dir/LogicAnalyzer_Capture.c.obj
 .bss.captureOffset
                0x2007f274        0x4 CMakeFiles/LogicAnalyzer.dir/LogicAnalyzer_Capture.c.obj
 .bss.capturePIO
                0x2007f278        0x4 CMakeFiles/LogicAnalyzer.dir/LogicAnalyzer_Capture.c.obj
 .bss.chars_available_callback
                0x2007f27c        0x4 CMakeFiles/LogicAnalyzer.dir/C_/Users/Ich/.pico-sdk/sdk/2.1.1/src/rp2_common/pico_stdio_usb/stdio_usb.c.obj
 .bss.chars_available_param
                0x2007f280        0x4 CMakeFiles/LogicAnalyzer.dir/C_/Users/Ich/.pico-sdk/sdk/2.1.1/src/rp2_common/pico_stdio_usb/stdio_usb.c.obj
 .bss.claimed   0x2007f284        0x4 CMakeFiles/LogicAnalyzer.dir/C_/Users/Ich/.pico-sdk/sdk/2.1.1/src/rp2_common/hardware_sync/sync.c.obj
 .bss.claimed   0x2007f288        0x2 CMakeFiles/LogicAnalyzer.dir/C_/Users/Ich/.pico-sdk/sdk/2.1.1/src/rp2_common/hardware_timer/timer.c.obj
 *fill*         0x2007f28a        0x2 
 .bss.claimed   0x2007f28c        0x2 CMakeFiles/LogicAnalyzer.dir/C_/Users/Ich/.pico-sdk/sdk/2.1.1/src/rp2_common/hardware_pio/pio.c.obj
 *fill*         0x2007f28e        0x2 
 .bss.configured_freq
                0x2007f290       0x28 CMakeFiles/LogicAnalyzer.dir/C_/Users/Ich/.pico-sdk/sdk/2.1.1/src/rp2_common/hardware_clocks/clocks.c.obj
 .bss.desc_str.0
                0x2007f2b8       0x28 CMakeFiles/LogicAnalyzer.dir/C_/Users/Ich/.pico-sdk/sdk/2.1.1/src/rp2_common/pico_stdio_usb/stdio_usb_descriptors.c.obj
 .bss.dmaPingPong0
                0x2007f2e0        0x4 CMakeFiles/LogicAnalyzer.dir/LogicAnalyzer_Capture.c.obj
 .bss.dmaPingPong1
                0x2007f2e4        0x4 CMakeFiles/LogicAnalyzer.dir/LogicAnalyzer_Capture.c.obj
 .bss.drivers   0x2007f2e8        0x4 CMakeFiles/LogicAnalyzer.dir/C_/Users/Ich/.pico-sdk/sdk/2.1.1/src/rp2_common/pico_stdio/stdio.c.obj
 .bss.e15_last_sof
                0x2007f2ec        0x4 CMakeFiles/LogicAnalyzer.dir/C_/Users/Ich/.pico-sdk/sdk/2.1.1/lib/tinyusb/src/portable/raspberrypi/rp2040/rp2040_usb.c.obj
                0x2007f2ec                e15_last_sof
 .bss.filter    0x2007f2f0        0x4 CMakeFiles/LogicAnalyzer.dir/C_/Users/Ich/.pico-sdk/sdk/2.1.1/src/rp2_common/pico_stdio/stdio.c.obj
 .bss.hw_endpoints
                0x2007f2f4      0x400 CMakeFiles/LogicAnalyzer.dir/C_/Users/Ich/.pico-sdk/sdk/2.1.1/lib/tinyusb/src/portable/raspberrypi/rp2040/dcd_rp2040.c.obj
 .bss.lastLoopCount
                0x2007f6f4        0x4 CMakeFiles/LogicAnalyzer.dir/LogicAnalyzer_Capture.c.obj
 .bss.lastPostSize
                0x2007f6f8        0x4 CMakeFiles/LogicAnalyzer.dir/LogicAnalyzer_Capture.c.obj
 .bss.lastPreSize
                0x2007f6fc        0x4 CMakeFiles/LogicAnalyzer.dir/LogicAnalyzer_Capture.c.obj
 .bss.lastStartPosition
                0x2007f700        0x4 CMakeFiles/LogicAnalyzer.dir/LogicAnalyzer_Capture.c.obj
 .bss.lastTail  0x2007f704        0x4 CMakeFiles/LogicAnalyzer.dir/LogicAnalyzer_Capture.c.obj
 .bss.lazy_vsnprintf
                0x2007f708        0x4 CMakeFiles/LogicAnalyzer.dir/C_/Users/Ich/.pico-sdk/sdk/2.1.1/src/rp2_common/pico_printf/printf.c.obj
 .bss.load_value
                0x2007f70c        0x4 CMakeFiles/LogicAnalyzer.dir/C_/Users/Ich/.pico-sdk/sdk/2.1.1/src/rp2_common/hardware_watchdog/watchdog.c.obj
 .bss.loopTimestamp
                0x2007f710      0x400 CMakeFiles/LogicAnalyzer.dir/LogicAnalyzer_Capture.c.obj
 .bss.messageBuffer
                0x2007fb10       0x80 CMakeFiles/LogicAnalyzer.dir/LogicAnalyzer.c.obj
                0x2007fb10                messageBuffer
 .bss.next_buffer_ptr
                0x2007fb90        0x4 CMakeFiles/LogicAnalyzer.dir/C_/Users/Ich/.pico-sdk/sdk/2.1.1/lib/tinyusb/src/portable/raspberrypi/rp2040/dcd_rp2040.c.obj
 .bss.object.0  0x2007fb94       0x18 C:/Users/Ich/.pico-sdk/toolchain/14_2_Rel1/bin/../lib/gcc/arm-none-eabi/14.2.1/thumb/v8-m.main+fp/softfp/crtbegin.o
 .bss.oldNMIHandler
                0x2007fbac        0x4 CMakeFiles/LogicAnalyzer.dir/LogicAnalyzer_Capture.c.obj
 .bss.oldSysTickHandler
                0x2007fbb0        0x4 CMakeFiles/LogicAnalyzer.dir/LogicAnalyzer_Capture.c.obj
 .bss.one_shot_timer_crit_sec
                0x2007fbb4        0x8 CMakeFiles/LogicAnalyzer.dir/C_/Users/Ich/.pico-sdk/sdk/2.1.1/src/rp2_common/pico_stdio_usb/stdio_usb.c.obj